
Allocating common symbols
Common symbol       size              file

netbufpool          0x4               binaries/net.o
readylist           0x2               binaries/ready.o
rfltab              0x5a0             binaries/rflinit.o
netportseed         0x8               binaries/net.o
b                   0x4               binaries/main.o
sleepq              0x2               binaries/clkinit.o
nnames              0x4               binaries/naminit.o
udptab              0x168             binaries/udp.o
minheap             0x4               binaries/meminit.o
marks               0x50              binaries/mark.o
currpid             0x4               binaries/initialize.o
Lf_data             0x20c             binaries/lfsinit.o
porttab             0x2d0             binaries/ptinit.o
girmask             0x2               binaries/evec.o
ttytab              0x110             binaries/ttyinit.o
proctab             0x15e0            binaries/initialize.o
prcount             0x4               binaries/initialize.o
lfltab              0xf00             binaries/lflinit.o
rdstab              0x8c              binaries/rdsinit.o
ethertab            0x130             binaries/ethinit.o
NetData             0xb0              binaries/net.o
nmarks              0x4               binaries/mark.o
initsp              0x4               binaries/i386.o
Defer               0x8               binaries/resched.o
semtab              0x4b0             binaries/initialize.o
maxheap             0x4               binaries/meminit.o
preempt             0x4               binaries/clkinit.o
buftab              0xf0              binaries/bufinit.o
Rf_data             0x18              binaries/rfsinit.o
c                   0x4               binaries/main.o
mkmutex             0x4               binaries/mark.o
clktime             0x4               binaries/clkinit.o
arpcache            0x140             binaries/arp.o
icmptab             0x230             binaries/icmp.o
nbpools             0x4               binaries/bufinit.o
queuetab            0x980             binaries/queue.o
a                   0x4               binaries/main.o
ptnextid            0x4               binaries/ptinit.o
Ram                 0x19000           binaries/raminit.o
ipoqueue            0x2c              binaries/ip.o
memlist             0x8               binaries/initialize.o
nametab             0x19a0            binaries/naminit.o
ptfree              0x4               binaries/ptinit.o

Memory Configuration

Name             Origin             Length             Attributes
*default*        0x0000000000000000 0xffffffffffffffff

Linker script and memory map

                0x0000000000100000                physbase = 0x100000
                0x0000000000100000                . = physbase
                0x0000000000100000                . = ALIGN (0x1000)

.text           0x0000000000100000    0x1a000
                0x0000000000100000                text = ABSOLUTE (.)
 *(.text .text.*)
 .text          0x0000000000100000      0x165 binaries/start.o
                0x0000000000100020                entry
                0x000000000010003d                start
                0x00000000001000a5                inb
                0x00000000001000ad                inw
                0x00000000001000b6                inl
                0x00000000001000be                outb
                0x00000000001000c8                outw
                0x00000000001000d3                outl
                0x00000000001000dd                _rtcin
                0x00000000001000e8                ___udivsi3
                0x00000000001000f3                ___divsi3
                0x00000000001000ff                sbzero
                0x000000000010010f                bcopy
                0x0000000000100123                insw
                0x0000000000100139                outsw
                0x000000000010014f                lidt
                0x0000000000100157                jumptocode
                0x000000000010015e                jumptobootcode
 .text          0x0000000000100165      0x3e3 binaries/ascdate.o
                0x0000000000100165                ascdate
 .text          0x0000000000100548       0x14 binaries/bufinit.o
                0x0000000000100548                bufinit
 .text          0x000000000010055c       0x94 binaries/chprio.o
                0x000000000010055c                chprio
 .text          0x00000000001005f0       0x96 binaries/clkhandler.o
                0x00000000001005f0                clkhandler
 .text          0x0000000000100686       0x7e binaries/clkinit.o
                0x0000000000100686                clkinit
 .text          0x0000000000100704       0x75 binaries/close.o
                0x0000000000100704                close
 .text          0x0000000000100779        0x0 binaries/conf.o
 .text          0x0000000000100779       0x7b binaries/control.o
                0x0000000000100779                control
 .text          0x00000000001007f4      0x2c0 binaries/create.o
                0x00000000001007f4                create
 .text          0x0000000000100ab4      0x359 binaries/evec.o
                0x0000000000100ab4                initevec
                0x0000000000100b0b                set_evec
                0x0000000000100bad                trap
 .text          0x0000000000100e0d       0x19 binaries/exit.o
                0x0000000000100e0d                exit
 .text          0x0000000000100e26       0x8c binaries/freebuf.o
                0x0000000000100e26                freebuf
 .text          0x0000000000100eb2      0x172 binaries/freemem.o
                0x0000000000100eb2                freemem
 .text          0x0000000000101024       0x8a binaries/getbuf.o
                0x0000000000101024                getbuf
 .text          0x00000000001010ae       0x75 binaries/getc.o
                0x00000000001010ae                getc
 .text          0x0000000000101123       0x74 binaries/getdev.o
                0x0000000000101123                getdev
 .text          0x0000000000101197       0xd0 binaries/getitem.o
                0x0000000000101197                getfirst
                0x00000000001011dc                getlast
                0x0000000000101223                getitem
 .text          0x0000000000101267      0x10a binaries/getmem.o
                0x0000000000101267                getmem
 .text          0x0000000000101371        0xa binaries/getpid.o
                0x0000000000101371                getpid
 .text          0x000000000010137b       0x7d binaries/getprio.o
                0x000000000010137b                getprio
 .text          0x00000000001013f8       0xfb binaries/getstk.o
                0x00000000001013f8                getstk
 .text          0x00000000001014f3       0x16 binaries/getticks.o
                0x00000000001014f3                getticks
 .text          0x0000000000101509       0x3a binaries/gettime.o
                0x0000000000101509                gettime
 .text          0x0000000000101543      0x1e4 binaries/getutime.o
                0x0000000000101543                getutime
 .text          0x0000000000101727      0x3c5 binaries/i386.o
                0x0000000000101727                setsegs
                0x0000000000101839                init8259
                0x00000000001018eb                pseg
                0x0000000000101a93                setirmask
 .text          0x0000000000101aec       0x75 binaries/init.o
                0x0000000000101aec                init
 .text          0x0000000000101b61      0x3c8 binaries/initialize.o
                0x0000000000101b61                nulluser
                0x0000000000101ed0                stop
                0x0000000000101efb                delay
 .text          0x0000000000101f29       0xde binaries/insert.o
                0x0000000000101f29                insert
 .text          0x0000000000102007      0x110 binaries/insertd.o
                0x0000000000102007                insertd
 .text          0x0000000000102117        0xa binaries/ioerr.o
                0x0000000000102117                ioerr
 .text          0x0000000000102121        0xa binaries/ionull.o
                0x0000000000102121                ionull
 .text          0x000000000010212b      0x19d binaries/kill.o
                0x000000000010212b                kill
 .text          0x00000000001022c8      0x14e binaries/kprintf.o
                0x00000000001022c8                kputc
                0x000000000010235b                kgetc
                0x00000000001023ec                kprintf
 .text          0x0000000000102416      0x21b binaries/main.o
                0x0000000000102416                main
                0x00000000001025cd                inc4ever
 .text          0x0000000000102631       0xb5 binaries/mark.o
                0x0000000000102631                markinit
                0x0000000000102655                mark
 .text          0x00000000001026e6       0xcc binaries/meminit.o
                0x00000000001026e6                meminit
 .text          0x00000000001027b2      0x174 binaries/mkbufpool.o
                0x00000000001027b2                mkbufpool
 .text          0x0000000000102926       0x94 binaries/newqueue.o
                0x0000000000102926                newqueue
 .text          0x00000000001029ba       0x7b binaries/open.o
                0x00000000001029ba                open
 .text          0x0000000000102a35       0x20 binaries/panic.o
                0x0000000000102a35                panic
 .text          0x0000000000102a55      0x489 binaries/pci.o
                0x0000000000102a55                pci_init
                0x0000000000102d12                find_pci_device
                0x0000000000102d60                pci_bios_read_config_byte
                0x0000000000102d9f                pci_bios_read_config_word
                0x0000000000102de1                pci_bios_read_config_dword
                0x0000000000102e20                pci_bios_write_config_byte
                0x0000000000102e61                pci_bios_write_config_word
                0x0000000000102ea3                pci_bios_write_config_dword
 .text          0x0000000000102ede       0xf1 binaries/ptclear.o
                0x0000000000102ede                _ptclear
 .text          0x0000000000102fcf       0x9d binaries/ptcount.o
                0x0000000000102fcf                ptcount
 .text          0x000000000010306c      0x116 binaries/ptcreate.o
                0x000000000010306c                ptcreate
 .text          0x0000000000103182       0x7f binaries/ptdelete.o
                0x0000000000103182                ptdelete
 .text          0x0000000000103201       0xbf binaries/ptinit.o
                0x0000000000103201                ptinit
 .text          0x00000000001032c0      0x11b binaries/ptrecv.o
                0x00000000001032c0                ptrecv
 .text          0x00000000001033db       0x77 binaries/ptreset.o
                0x00000000001033db                ptreset
 .text          0x0000000000103452      0x13d binaries/ptsend.o
                0x0000000000103452                ptsend
 .text          0x000000000010358f       0x80 binaries/putc.o
                0x000000000010358f                putc
 .text          0x000000000010360f      0x111 binaries/queue.o
                0x000000000010360f                enqueue
                0x00000000001036b3                dequeue
 .text          0x0000000000103720       0x7b binaries/read.o
                0x0000000000103720                read
 .text          0x000000000010379b       0x7e binaries/ready.o
                0x000000000010379b                ready
 .text          0x0000000000103819       0x62 binaries/receive.o
                0x0000000000103819                receive
 .text          0x000000000010387b       0x5e binaries/recvclr.o
                0x000000000010387b                recvclr
 .text          0x00000000001038d9       0xbd binaries/recvtime.o
                0x00000000001038d9                recvtime
 .text          0x0000000000103996      0x16c binaries/resched.o
                0x0000000000103996                resched
                0x0000000000103a8d                resched_cntl
 .text          0x0000000000103b02       0xb1 binaries/resume.o
                0x0000000000103b02                resume
 .text          0x0000000000103bb3       0x79 binaries/seek.o
                0x0000000000103bb3                seek
 .text          0x0000000000103c2c       0x70 binaries/semcount.o
                0x0000000000103c2c                semcount
 .text          0x0000000000103c9c       0xd6 binaries/semcreate.o
                0x0000000000103c9c                semcreate
 .text          0x0000000000103d72       0xcd binaries/semdelete.o
                0x0000000000103d72                semdelete
 .text          0x0000000000103e3f       0xcb binaries/semreset.o
                0x0000000000103e3f                semreset
 .text          0x0000000000103f0a       0xed binaries/send.o
                0x0000000000103f0a                send
 .text          0x0000000000103ff7       0xa8 binaries/signal.o
                0x0000000000103ff7                signal
 .text          0x000000000010409f       0xd6 binaries/signaln.o
                0x000000000010409f                signaln
 .text          0x0000000000104175       0xed binaries/sleep.o
                0x0000000000104175                sleep
                0x00000000001041c3                sleepms
 .text          0x0000000000104262      0x192 binaries/stacktrace.o
                0x0000000000104262                stacktrace
 .text          0x00000000001043f4       0xe7 binaries/suspend.o
                0x00000000001043f4                suspend
 .text          0x00000000001044db       0xe9 binaries/unsleep.o
                0x00000000001044db                unsleep
 .text          0x00000000001045c4       0x19 binaries/userret.o
                0x00000000001045c4                userret
 .text          0x00000000001045dd       0xdd binaries/wait.o
                0x00000000001045dd                wait
 .text          0x00000000001046ba       0x72 binaries/wakeup.o
                0x00000000001046ba                wakeup
 .text          0x000000000010472c       0x7b binaries/write.o
                0x000000000010472c                write
 .text          0x00000000001047a7       0x1d binaries/xdone.o
                0x00000000001047a7                xdone
 .text          0x00000000001047c4       0x28 binaries/yield.o
                0x00000000001047c4                yield
 .text          0x00000000001047ec       0x11 binaries/abs.o
                0x00000000001047ec                abs
 .text          0x00000000001047fd       0x8f binaries/atoi.o
                0x00000000001047fd                atoi
 .text          0x000000000010488c       0x8f binaries/atol.o
                0x000000000010488c                atol
 .text          0x000000000010491b       0x31 binaries/bzero.o
                0x000000000010491b                bzero
 .text          0x000000000010494c        0x0 binaries/ctype_.o
 .text          0x000000000010494c      0x8ed binaries/doprnt.o
                0x000000000010494c                _doprnt
 .text          0x0000000000105239      0x65c binaries/doscan.o
                0x0000000000105239                _doscan
 .text          0x0000000000105895      0x711 binaries/fdoprnt.o
                0x0000000000105895                _fdoprnt
 .text          0x0000000000105fa6       0x29 binaries/fgetc.o
                0x0000000000105fa6                fgetc
 .text          0x0000000000105fcf       0x75 binaries/fgets.o
                0x0000000000105fcf                fgets
 .text          0x0000000000106044       0x2a binaries/fprintf.o
                0x0000000000106044                fprintf
 .text          0x000000000010606e       0x2c binaries/fputc.o
                0x000000000010606e                fputc
 .text          0x000000000010609a       0x43 binaries/fputs.o
                0x000000000010609a                fputs
 .text          0x00000000001060dd       0x8a binaries/fscanf.o
                0x00000000001060dd                fscanf
 .text          0x0000000000106167       0x32 binaries/getchar.o
                0x0000000000106167                getchar
 .text          0x0000000000106199       0x11 binaries/labs.o
                0x0000000000106199                labs
 .text          0x00000000001061aa        0x0 binaries/memchr.o
 .text          0x00000000001061aa       0x51 binaries/memcmp.o
                0x00000000001061aa                memcmp
 .text          0x00000000001061fb       0x3f binaries/memcpy.o
                0x00000000001061fb                memcpy
 .text          0x000000000010623a       0x30 binaries/memset.o
                0x000000000010623a                memset
 .text          0x000000000010626a       0x48 binaries/printf.o
                0x000000000010626a                printf
 .text          0x00000000001062b2       0x35 binaries/putchar.o
                0x00000000001062b2                putchar
 .text          0x00000000001062e7      0x27e binaries/qsort.o
                0x00000000001062e7                qsort
 .text          0x0000000000106565       0x63 binaries/rand.o
                0x0000000000106565                rand
                0x000000000010657d                rand_r
                0x00000000001065bb                srand
 .text          0x00000000001065c8       0x66 binaries/sprintf.o
                0x00000000001065c8                sprintf
 .text          0x000000000010662e       0x70 binaries/sscanf.o
                0x000000000010662e                sscanf
 .text          0x000000000010669e       0x3c binaries/strchr.o
                0x000000000010669e                strchr
 .text          0x00000000001066da       0x45 binaries/strcmp.o
                0x00000000001066da                strcmp
 .text          0x000000000010671f       0x27 binaries/strcpy.o
                0x000000000010671f                strcpy
 .text          0x0000000000106746       0x26 binaries/strlen.o
                0x0000000000106746                strlen
 .text          0x000000000010676c       0x56 binaries/strncat.o
                0x000000000010676c                strncat
 .text          0x00000000001067c2       0x5f binaries/strncmp.o
                0x00000000001067c2                strncmp
 .text          0x0000000000106821       0x4f binaries/strncpy.o
                0x0000000000106821                strncpy
 .text          0x0000000000106870       0x2e binaries/strnlen.o
                0x0000000000106870                strnlen
 .text          0x000000000010689e       0x45 binaries/strrchr.o
                0x000000000010689e                strrchr
 .text          0x00000000001068e3       0x6d binaries/strstr.o
                0x00000000001068e3                strstr
 .text          0x0000000000106950       0xe4 binaries/ttycontrol.o
                0x0000000000106950                ttycontrol
 .text          0x0000000000106a34       0x97 binaries/ttygetc.o
                0x0000000000106a34                ttygetc
 .text          0x0000000000106acb      0x6ee binaries/ttyhandle_in.o
                0x0000000000106acb                ttyhandle_in
 .text          0x00000000001071b9      0x1ae binaries/ttyhandle_out.o
                0x00000000001071b9                ttyhandle_out
 .text          0x0000000000107367       0xce binaries/ttyhandler.o
                0x0000000000107367                ttyhandler
 .text          0x0000000000107435      0x22f binaries/ttyinit.o
                0x0000000000107435                ttyinit
 .text          0x0000000000107664       0x1b binaries/ttykickout.o
                0x0000000000107664                ttykickout
 .text          0x000000000010767f       0xb7 binaries/ttyputc.o
                0x000000000010767f                ttyputc
 .text          0x0000000000107736      0x11b binaries/ttyread.o
                0x0000000000107736                ttyread
 .text          0x0000000000107851       0x4f binaries/ttywrite.o
                0x0000000000107851                ttywrite
 .text          0x00000000001078a0      0x14b binaries/mount.o
                0x00000000001078a0                mount
                0x00000000001079b5                namlen
 .text          0x00000000001079eb      0x1ea binaries/naminit.o
                0x00000000001079eb                naminit
 .text          0x0000000000107bd5      0x211 binaries/nammap.o
                0x0000000000107bd5                nammap
                0x0000000000107c60                namrepl
                0x0000000000107d96                namcpy
 .text          0x0000000000107de6       0x4e binaries/namopen.o
                0x0000000000107de6                namopen
 .text          0x0000000000107e34      0xec3 binaries/82545EMInit.o
                0x0000000000107e92                _82545EMInit
                0x0000000000108b63                _82545EM_read_phy_reg
                0x0000000000108c29                _82545EM_write_phy_reg
 .text          0x0000000000108cf7      0x241 binaries/ethcontrol.o
                0x0000000000108d55                ethcontrol
                0x0000000000108ecb                ethIrqDisable
                0x0000000000108f00                ethIrqEnable
 .text          0x0000000000108f38      0x252 binaries/ethhandler.o
                0x00000000001090a8                ethhandler
 .text          0x000000000010918a      0x126 binaries/ethinit.o
                0x000000000010918a                ethinit
 .text          0x00000000001092b0      0x1f4 binaries/ethread.o
                0x000000000010930e                ethread
 .text          0x00000000001094a4      0x19f binaries/ethwrite.o
                0x0000000000109502                ethwrite
 .text          0x0000000000109643       0x9e binaries/rdsbufalloc.o
                0x0000000000109643                rdsbufalloc
 .text          0x00000000001096e1       0xcc binaries/rdsclose.o
                0x00000000001096e1                rdsclose
 .text          0x00000000001097ad      0x2e8 binaries/rdscomm.o
                0x00000000001097ad                rdscomm
 .text          0x0000000000109a95      0x233 binaries/rdscontrol.o
                0x0000000000109a95                rdscontrol
 .text          0x0000000000109cc8      0x1f3 binaries/rdsinit.o
                0x0000000000109cc8                rdsinit
 .text          0x0000000000109ebb      0x19b binaries/rdsopen.o
                0x0000000000109ebb                rdsopen
 .text          0x000000000010a056      0x461 binaries/rdsprocess.o
                0x000000000010a056                rdsprocess
 .text          0x000000000010a4b7      0x259 binaries/rdsread.o
                0x000000000010a4b7                rdsread
 .text          0x000000000010a710      0x1fe binaries/rdswrite.o
                0x000000000010a710                rdswrite
 .text          0x000000000010a90e        0xa binaries/ramclose.o
                0x000000000010a90e                ramclose
 .text          0x000000000010a918       0x3e binaries/raminit.o
                0x000000000010a918                raminit
 .text          0x000000000010a956        0xa binaries/ramopen.o
                0x000000000010a956                ramopen
 .text          0x000000000010a960       0x32 binaries/ramread.o
                0x000000000010a960                ramread
 .text          0x000000000010a992       0x32 binaries/ramwrite.o
                0x000000000010a992                ramwrite
 .text          0x000000000010a9c4       0x98 binaries/lfdballoc.o
                0x000000000010a9c4                lfdballoc
 .text          0x000000000010aa5c       0x58 binaries/lfdbfree.o
                0x000000000010aa5c                lfdbfree
 .text          0x000000000010aab4       0xb6 binaries/lfflush.o
                0x000000000010aab4                lfflush
 .text          0x000000000010ab6a       0xd8 binaries/lfgetmode.o
                0x000000000010ab6a                lfgetmode
 .text          0x000000000010ac42       0x68 binaries/lfiballoc.o
                0x000000000010ac42                lfiballoc
 .text          0x000000000010acaa       0x3b binaries/lfibclear.o
                0x000000000010acaa                lfibclear
 .text          0x000000000010ace5       0xad binaries/lfibget.o
                0x000000000010ace5                lfibget
 .text          0x000000000010ad92       0xdc binaries/lfibput.o
                0x000000000010ad92                lfibput
 .text          0x000000000010ae6e       0xa2 binaries/lflclose.o
                0x000000000010ae6e                lflclose
 .text          0x000000000010af10       0xd0 binaries/lflcontrol.o
                0x000000000010af10                lflcontrol
 .text          0x000000000010afe0       0xf2 binaries/lflgetc.o
                0x000000000010afe0                lflgetc
 .text          0x000000000010b0d2       0xf1 binaries/lflinit.o
                0x000000000010b0d2                lflinit
 .text          0x000000000010b1c3      0x122 binaries/lflputc.o
                0x000000000010b1c3                lflputc
 .text          0x000000000010b2e5       0x70 binaries/lflread.o
                0x000000000010b2e5                lflread
 .text          0x000000000010b355       0xac binaries/lflseek.o
                0x000000000010b355                lflseek
 .text          0x000000000010b401       0x55 binaries/lflwrite.o
                0x000000000010b401                lflwrite
 .text          0x000000000010b456       0x62 binaries/lfscheck.o
                0x000000000010b456                lfscheck
 .text          0x000000000010b4b8      0x175 binaries/lfsckfmt.o
                0x000000000010b4b8                lfsckfmt
 .text          0x000000000010b62d      0x1ad binaries/lfscreate.o
                0x000000000010b62d                lfscreate
 .text          0x000000000010b7da      0x278 binaries/lfsetup.o
                0x000000000010b7da                lfsetup
 .text          0x000000000010ba52       0x51 binaries/lfsinit.o
                0x000000000010ba52                lfsinit
 .text          0x000000000010baa3      0x3c0 binaries/lfsopen.o
                0x000000000010baa3                lfsopen
 .text          0x000000000010be63      0x15e binaries/lftruncate.o
                0x000000000010be63                lftruncate
 .text          0x000000000010bfc1       0x71 binaries/rflclose.o
                0x000000000010bfc1                rflclose
 .text          0x000000000010c032       0x32 binaries/rflgetc.o
                0x000000000010c032                rflgetc
 .text          0x000000000010c064       0x76 binaries/rflinit.o
                0x000000000010c064                rflinit
 .text          0x000000000010c0da       0x33 binaries/rflputc.o
                0x000000000010c0da                rflputc
 .text          0x000000000010c10d      0x360 binaries/rflread.o
                0x000000000010c10d                rflread
 .text          0x000000000010c46d       0x74 binaries/rflseek.o
                0x000000000010c46d                rflseek
 .text          0x000000000010c4e1      0x34d binaries/rflwrite.o
                0x000000000010c4e1                rflwrite
 .text          0x000000000010c82e      0x1e2 binaries/rfscomm.o
                0x000000000010c82e                rfscomm
 .text          0x000000000010ca10      0x26d binaries/rfscontrol.o
                0x000000000010ca10                rfscontrol
 .text          0x000000000010cc7d       0xd8 binaries/rfsgetmode.o
                0x000000000010cc7d                rfsgetmode
 .text          0x000000000010cd55       0x86 binaries/rfsinit.o
                0x000000000010cd55                rfsinit
 .text          0x000000000010cddb      0x111 binaries/rfsndmsg.o
                0x000000000010cddb                rfsndmsg
 .text          0x000000000010ceec      0x2aa binaries/rfsopen.o
                0x000000000010ceec                rfsopen
 .text          0x000000000010d196      0x836 binaries/arp.o
                0x000000000010d196                arp_init
                0x000000000010d1c8                arp_resolve
                0x000000000010d47c                arp_in
                0x000000000010d734                arp_alloc
                0x000000000010d7f4                arp_ntoh
                0x000000000010d8e0                arp_hton
 .text          0x000000000010d9cc      0x8e3 binaries/dhcp.o
                0x000000000010d9cc                dhcp_get_opt_val
                0x000000000010da25                dhcp_bld_bootp_msg
                0x000000000010db32                dhcp_bld_disc
                0x000000000010dc1b                dhcp_bld_req
                0x000000000010dd8d                getlocalip
 .text          0x000000000010e2af      0x59f binaries/dns.o
                0x000000000010e2af                dnslookup
 .text          0x000000000010e84e       0xe8 binaries/dot2ip.o
                0x000000000010e84e                dot2ip
 .text          0x000000000010e936      0x4c4 binaries/hexdump.o
                0x000000000010e936                hexdump
                0x000000000010eadd                hexadump
 .text          0x000000000010edfa      0x8af binaries/icmp.o
                0x000000000010edfa                icmp_init
                0x000000000010ee31                icmp_in
                0x000000000010f007                icmp_register
                0x000000000010f102                icmp_recv
                0x000000000010f28e                icmp_send
                0x000000000010f316                icmp_mkpkt
                0x000000000010f430                icmp_release
                0x000000000010f52e                icmp_cksum
                0x000000000010f5c1                icmp_hton
                0x000000000010f635                icmp_ntoh
 .text          0x000000000010f6a9      0x8a5 binaries/ip.o
                0x000000000010f6a9                ip_in
                0x000000000010f82d                ip_send
                0x000000000010f988                ip_local
                0x000000000010f9d4                ip_out
                0x000000000010fb0d                ipcksum
                0x000000000010fb93                ip_ntoh
                0x000000000010fc7f                ip_hton
                0x000000000010fd6b                ipout
                0x000000000010fe9a                ip_enqueue
 .text          0x000000000010ff4e      0x2cd binaries/net.o
                0x000000000010ff4e                net_init
                0x0000000000110076                netin
                0x0000000000110133                eth_hton
                0x000000000011015d                eth_ntoh
                0x0000000000110187                getport
 .text          0x000000000011021b     0x147f binaries/pdump.o
                0x000000000011021b                pdump
                0x0000000000110fd8                pdumph
 .text          0x000000000011169a      0x613 binaries/tftp.o
                0x000000000011169a                tftp_send1
                0x0000000000111812                tftpget
                0x0000000000111844                tftpget_mb
 .text          0x0000000000111cad      0xb82 binaries/udp.o
                0x0000000000111cad                udp_init
                0x0000000000111ce2                udp_in
                0x0000000000111e24                udp_register
                0x0000000000111f61                udp_recv
                0x00000000001120fd                udp_recvaddr
                0x00000000001122b1                udp_send
                0x0000000000112499                udp_sendto
                0x000000000011264a                udp_release
                0x0000000000112745                udp_ntoh
                0x00000000001127ba                udp_hton
 .text          0x000000000011282f      0x13b binaries/addargs.o
                0x000000000011282f                addargs
 .text          0x000000000011296a      0x2c9 binaries/lexan.o
                0x000000000011296a                lexan
 .text          0x0000000000112c33      0x667 binaries/shell.o
                0x0000000000112c33                shell
 .text          0x000000000011329a       0x69 binaries/xsh_argecho.o
                0x000000000011329a                xsh_argecho
 .text          0x0000000000113303      0x275 binaries/xsh_arp.o
                0x0000000000113303                xsh_arp
 .text          0x0000000000113578      0x275 binaries/xsh_cat.o
                0x0000000000113578                xsh_cat
 .text          0x00000000001137ed       0x5f binaries/xsh_clear.o
                0x00000000001137ed                xsh_clear
 .text          0x000000000011384c      0x2ff binaries/xsh_date.o
                0x000000000011384c                xsh_date
 .text          0x0000000000113b4b       0xaf binaries/xsh_devdump.o
                0x0000000000113b4b                xsh_devdump
 .text          0x0000000000113bfa       0x72 binaries/xsh_echo.o
                0x0000000000113bfa                xsh_echo
 .text          0x0000000000113c6c        0xa binaries/xsh_exit.o
                0x0000000000113c6c                xsh_exit
 .text          0x0000000000113c76      0x38b binaries/xsh_help.o
                0x0000000000113c76                xsh_help
 .text          0x0000000000114001      0x24e binaries/xsh_kill.o
                0x0000000000114001                xsh_kill
 .text          0x000000000011424f      0x54b binaries/xsh_memdump.o
                0x000000000011424f                xsh_memdump
 .text          0x000000000011479a      0x2b1 binaries/xsh_memstat.o
                0x000000000011479a                xsh_memstat
 .text          0x0000000000114a4b      0x511 binaries/xsh_netinfo.o
                0x0000000000114a4b                xsh_netinfo
 .text          0x0000000000114f5c      0x498 binaries/xsh_ping.o
                0x0000000000114f5c                xsh_ping
 .text          0x00000000001153f4      0x229 binaries/xsh_ps.o
                0x00000000001153f4                xsh_ps
 .text          0x000000000011561d      0x22a binaries/xsh_sleep.o
                0x000000000011561d                xsh_sleep
 .text          0x0000000000115847      0x27c binaries/xsh_udpdump.o
                0x0000000000115847                xsh_udpdump
 .text          0x0000000000115ac3      0x4cc binaries/xsh_udpecho.o
                0x0000000000115ac3                xsh_udpecho
 .text          0x0000000000115f8f      0x2b6 binaries/xsh_udpserver.o
                0x0000000000115f8f                xsh_udpeserver
 .text          0x0000000000116245      0x1f5 binaries/xsh_uptime.o
                0x0000000000116245                xsh_uptime
 .text          0x000000000011643a        0xe binaries/clkdisp.o
                0x000000000011643a                clkdisp
 .text          0x0000000000116448       0x19 binaries/ctxsw.o
                0x0000000000116448                ctxsw
 .text          0x0000000000116461      0x36b binaries/intr.o
                0x0000000000116461                disable
                0x000000000011646a                restore
                0x0000000000116478                enable
                0x000000000011647a                pause
                0x0000000000116481                halt
                0x0000000000116487                spurious_irq7
                0x000000000011648c                spurious_irq15
                0x000000000011649b                _Xint0
                0x00000000001164a6                _Xint1
                0x00000000001164b1                _Xint2
                0x00000000001164bc                _Xint3
                0x00000000001164c7                _Xint4
                0x00000000001164d2                _Xint5
                0x00000000001164dd                _Xint6
                0x00000000001164e8                _Xint7
                0x00000000001164f3                _Xint8
                0x00000000001164fe                _Xint9
                0x0000000000116509                _Xint10
                0x0000000000116514                _Xint11
                0x0000000000116522                _Xint12
                0x0000000000116530                _Xint13
                0x000000000011653e                _Xint14
                0x000000000011654c                _Xint15
                0x000000000011655a                _Xint16
                0x0000000000116568                _Xint17
                0x0000000000116576                _Xint18
                0x0000000000116584                _Xint19
                0x0000000000116592                _Xint20
                0x00000000001165a0                _Xint21
                0x00000000001165ae                _Xint22
                0x00000000001165bc                _Xint23
                0x00000000001165ca                _Xint24
                0x00000000001165d8                _Xint25
                0x00000000001165e6                _Xint26
                0x00000000001165f4                _Xint27
                0x0000000000116602                _Xint28
                0x0000000000116610                _Xint29
                0x000000000011661e                _Xint30
                0x000000000011662c                _Xint31
                0x000000000011663a                _Xint32
                0x0000000000116648                _Xint33
                0x0000000000116656                _Xint34
                0x0000000000116664                _Xint35
                0x0000000000116672                _Xint36
                0x0000000000116680                _Xint37
                0x000000000011668e                _Xint38
                0x000000000011669c                _Xint39
                0x00000000001166aa                _Xint40
                0x00000000001166b8                _Xint41
                0x00000000001166c6                _Xint42
                0x00000000001166d4                _Xint43
                0x00000000001166e2                _Xint44
                0x00000000001166f0                _Xint45
                0x00000000001166fe                _Xint46
                0x000000000011670c                defevec
 .text          0x00000000001167cc        0xf binaries/ttydispatch.o
                0x00000000001167cc                ttydispatch
 .text          0x00000000001167db       0x13 binaries/ethdispatch.o
                0x00000000001167db                ethdispatch
 *(.rodata .rodata.*)
 *fill*         0x00000000001167ee        0x2 
 .rodata        0x00000000001167f0       0x8e binaries/ascdate.o
 .rodata        0x000000000011687e       0xae binaries/conf.o
 .rodata        0x000000000011692c      0x22f binaries/evec.o
 *fill*         0x0000000000116b5b        0x1 
 .rodata        0x0000000000116b5c       0x61 binaries/getutime.o
 *fill*         0x0000000000116bbd        0x3 
 .rodata        0x0000000000116bc0       0x90 binaries/i386.o
 .rodata        0x0000000000116c50      0x180 binaries/initialize.o
 .rodata        0x0000000000116dd0       0x20 binaries/kill.o
 .rodata        0x0000000000116df0       0x95 binaries/main.o
 .rodata        0x0000000000116e85        0xf binaries/panic.o
 .rodata        0x0000000000116e94      0x1ec binaries/pci.o
 .rodata        0x0000000000117080       0x1d binaries/ptinit.o
 *fill*         0x000000000011709d        0x3 
 .rodata        0x00000000001170a0       0x25 binaries/ptsend.o
 *fill*         0x00000000001170c5        0x3 
 .rodata        0x00000000001170c8       0xb7 binaries/stacktrace.o
 *fill*         0x000000000011717f        0x1 
 .rodata        0x0000000000117180       0x27 binaries/xdone.o
 *fill*         0x00000000001171a7       0x19 
 .rodata        0x00000000001171c0       0x81 binaries/ctype_.o
                0x00000000001171c0                _ctype_
 *fill*         0x0000000000117241        0x3 
 .rodata        0x0000000000117244       0xee binaries/doprnt.o
 *fill*         0x0000000000117332        0x2 
 .rodata        0x0000000000117334       0x98 binaries/doscan.o
 .rodata        0x00000000001173cc       0xae binaries/fdoprnt.o
 *fill*         0x000000000011747a        0x2 
 .rodata        0x000000000011747c       0x20 binaries/ttycontrol.o
 .rodata        0x000000000011749c       0x34 binaries/ttyhandler.o
 .rodata        0x00000000001174d0       0x80 binaries/naminit.o
 .rodata        0x0000000000117550       0x2e binaries/82545EMInit.o
 *fill*         0x000000000011757e        0x2 
 .rodata        0x0000000000117580       0x78 binaries/ethinit.o
 .rodata        0x00000000001175f8       0x18 binaries/ethread.o
 .rodata        0x0000000000117610       0x2c binaries/rdsbufalloc.o
 .rodata        0x000000000011763c       0x76 binaries/rdscomm.o
 *fill*         0x00000000001176b2        0x2 
 .rodata        0x00000000001176b4       0x48 binaries/rdscontrol.o
 .rodata        0x00000000001176fc       0x96 binaries/rdsinit.o
 *fill*         0x0000000000117792        0x2 
 .rodata        0x0000000000117794       0x22 binaries/rdsopen.o
 *fill*         0x00000000001177b6        0x2 
 .rodata        0x00000000001177b8       0x4d binaries/rdsprocess.o
 .rodata        0x0000000000117805        0x9 binaries/raminit.o
 *fill*         0x000000000011780e        0x2 
 .rodata        0x0000000000117810       0x37 binaries/lfdballoc.o
 .rodata        0x0000000000117847       0x14 binaries/lfiballoc.o
 *fill*         0x000000000011785b        0x1 
 .rodata        0x000000000011785c       0x23 binaries/lflcontrol.o
 *fill*         0x000000000011787f        0x1 
 .rodata        0x0000000000117880      0x11b binaries/lfsckfmt.o
 *fill*         0x000000000011799b        0x1 
 .rodata        0x000000000011799c       0x2a binaries/lfsopen.o
 *fill*         0x00000000001179c6        0x2 
 .rodata        0x00000000001179c8       0x21 binaries/rflread.o
 *fill*         0x00000000001179e9        0x3 
 .rodata        0x00000000001179ec       0x21 binaries/rflwrite.o
 *fill*         0x0000000000117a0d        0x3 
 .rodata        0x0000000000117a10       0x75 binaries/rfscomm.o
 *fill*         0x0000000000117a85        0x3 
 .rodata        0x0000000000117a88       0x3c binaries/rfscontrol.o
 .rodata        0x0000000000117ac4       0x63 binaries/rfsinit.o
 *fill*         0x0000000000117b27        0x1 
 .rodata        0x0000000000117b28       0x2a binaries/rfsndmsg.o
 *fill*         0x0000000000117b52        0x2 
 .rodata        0x0000000000117b54       0x22 binaries/rfsopen.o
 *fill*         0x0000000000117b76        0x2 
 .rodata        0x0000000000117b78       0x3a binaries/arp.o
 *fill*         0x0000000000117bb2        0x2 
 .rodata        0x0000000000117bb4       0xcf binaries/dhcp.o
 .rodata        0x0000000000117c83       0x1a binaries/dns.o
 *fill*         0x0000000000117c9d        0x3 
 .rodata        0x0000000000117ca0       0xc9 binaries/hexdump.o
 *fill*         0x0000000000117d69        0x3 
 .rodata        0x0000000000117d6c       0x29 binaries/icmp.o
 *fill*         0x0000000000117d95        0x3 
 .rodata        0x0000000000117d98       0x6e binaries/ip.o
 *fill*         0x0000000000117e06        0x2 
 .rodata        0x0000000000117e08       0x4f binaries/net.o
 *fill*         0x0000000000117e57        0x1 
 .rodata        0x0000000000117e58      0x26f binaries/pdump.o
 *fill*         0x00000000001180c7        0x1 
 .rodata        0x00000000001180c8      0x154 binaries/tftp.o
 *fill*         0x000000000011821c        0x4 
 .rodata        0x0000000000118220      0x3c1 binaries/shell.o
                0x00000000001182a0                cmdtab
 .rodata        0x00000000001185e1       0x28 binaries/xsh_argecho.o
 *fill*         0x0000000000118609        0x3 
 .rodata        0x000000000011860c      0x123 binaries/xsh_arp.o
 *fill*         0x000000000011872f        0x1 
 .rodata        0x0000000000118730       0xc9 binaries/xsh_cat.o
 .rodata        0x00000000001187f9       0x19 binaries/xsh_clear.o
 *fill*         0x0000000000118812        0x2 
 .rodata        0x0000000000118814      0x1c3 binaries/xsh_date.o
 .rodata        0x00000000001189d7       0x5d binaries/xsh_devdump.o
 .rodata        0x0000000000118a34        0x9 binaries/xsh_echo.o
 *fill*         0x0000000000118a3d        0x3 
 .rodata        0x0000000000118a40      0x169 binaries/xsh_help.o
 *fill*         0x0000000000118ba9        0x3 
 .rodata        0x0000000000118bac      0x12e binaries/xsh_kill.o
 *fill*         0x0000000000118cda        0x2 
 .rodata        0x0000000000118cdc      0x266 binaries/xsh_memdump.o
 *fill*         0x0000000000118f42        0x2 
 .rodata        0x0000000000118f44      0x225 binaries/xsh_memstat.o
 *fill*         0x0000000000119169        0x3 
 .rodata        0x000000000011916c      0x1b0 binaries/xsh_netinfo.o
 .rodata        0x000000000011931c      0x1a1 binaries/xsh_ping.o
 *fill*         0x00000000001194bd        0x3 
 .rodata        0x00000000001194c0      0x1e0 binaries/xsh_ps.o
 .rodata        0x00000000001196a0       0xeb binaries/xsh_sleep.o
 *fill*         0x000000000011978b        0x1 
 .rodata        0x000000000011978c      0x1b8 binaries/xsh_udpdump.o
 .rodata        0x0000000000119944      0x215 binaries/xsh_udpecho.o
 *fill*         0x0000000000119b59        0x3 
 .rodata        0x0000000000119b5c      0x12b binaries/xsh_udpserver.o
 *fill*         0x0000000000119c87        0x1 
 .rodata        0x0000000000119c88      0x105 binaries/xsh_uptime.o
                0x0000000000119d8d                etext = ABSOLUTE (.)
                0x000000000011a000                . = ALIGN (0x1000)
 *fill*         0x0000000000119d8d      0x273 

.eh_frame       0x000000000011a000     0x2c58
 .eh_frame      0x000000000011a000       0x38 binaries/ascdate.o
 .eh_frame      0x000000000011a038       0x20 binaries/bufinit.o
                                         0x38 (size before relaxing)
 .eh_frame      0x000000000011a058       0x20 binaries/chprio.o
                                         0x38 (size before relaxing)
 .eh_frame      0x000000000011a078       0x20 binaries/clkhandler.o
                                         0x38 (size before relaxing)
 .eh_frame      0x000000000011a098       0x20 binaries/clkinit.o
                                         0x38 (size before relaxing)
 .eh_frame      0x000000000011a0b8       0x20 binaries/close.o
                                         0x38 (size before relaxing)
 .eh_frame      0x000000000011a0d8       0x20 binaries/control.o
                                         0x38 (size before relaxing)
 .eh_frame      0x000000000011a0f8       0x40 binaries/create.o
                                         0x58 (size before relaxing)
 .eh_frame      0x000000000011a138       0x60 binaries/evec.o
                                         0x78 (size before relaxing)
 .eh_frame      0x000000000011a198       0x20 binaries/exit.o
                                         0x38 (size before relaxing)
 .eh_frame      0x000000000011a1b8       0x20 binaries/freebuf.o
                                         0x38 (size before relaxing)
 .eh_frame      0x000000000011a1d8       0x20 binaries/freemem.o
                                         0x38 (size before relaxing)
 .eh_frame      0x000000000011a1f8       0x20 binaries/getbuf.o
                                         0x38 (size before relaxing)
 .eh_frame      0x000000000011a218       0x20 binaries/getc.o
                                         0x38 (size before relaxing)
 .eh_frame      0x000000000011a238       0x20 binaries/getdev.o
                                         0x38 (size before relaxing)
 .eh_frame      0x000000000011a258       0x60 binaries/getitem.o
                                         0x78 (size before relaxing)
 .eh_frame      0x000000000011a2b8       0x20 binaries/getmem.o
                                         0x38 (size before relaxing)
 .eh_frame      0x000000000011a2d8       0x20 binaries/getpid.o
                                         0x38 (size before relaxing)
 .eh_frame      0x000000000011a2f8       0x20 binaries/getprio.o
                                         0x38 (size before relaxing)
 .eh_frame      0x000000000011a318       0x20 binaries/getstk.o
                                         0x38 (size before relaxing)
 .eh_frame      0x000000000011a338       0x20 binaries/getticks.o
                                         0x38 (size before relaxing)
 .eh_frame      0x000000000011a358       0x20 binaries/gettime.o
                                         0x38 (size before relaxing)
 .eh_frame      0x000000000011a378       0x20 binaries/getutime.o
                                         0x38 (size before relaxing)
 .eh_frame      0x000000000011a398       0x8c binaries/i386.o
                                         0xa4 (size before relaxing)
 .eh_frame      0x000000000011a424       0x20 binaries/init.o
                                         0x38 (size before relaxing)
 .eh_frame      0x000000000011a444       0xa0 binaries/initialize.o
                                         0xb8 (size before relaxing)
 .eh_frame      0x000000000011a4e4       0x20 binaries/insert.o
                                         0x38 (size before relaxing)
 .eh_frame      0x000000000011a504       0x20 binaries/insertd.o
                                         0x38 (size before relaxing)
 .eh_frame      0x000000000011a524       0x20 binaries/ioerr.o
                                         0x38 (size before relaxing)
 .eh_frame      0x000000000011a544       0x20 binaries/ionull.o
                                         0x38 (size before relaxing)
 .eh_frame      0x000000000011a564       0x20 binaries/kill.o
                                         0x38 (size before relaxing)
 .eh_frame      0x000000000011a584       0x60 binaries/kprintf.o
                                         0x78 (size before relaxing)
 .eh_frame      0x000000000011a5e4       0x54 binaries/main.o
                                         0x6c (size before relaxing)
 .eh_frame      0x000000000011a638       0x40 binaries/mark.o
                                         0x58 (size before relaxing)
 .eh_frame      0x000000000011a678       0x20 binaries/meminit.o
                                         0x38 (size before relaxing)
 .eh_frame      0x000000000011a698       0x20 binaries/mkbufpool.o
                                         0x38 (size before relaxing)
 .eh_frame      0x000000000011a6b8       0x20 binaries/newqueue.o
                                         0x38 (size before relaxing)
 .eh_frame      0x000000000011a6d8       0x20 binaries/open.o
                                         0x38 (size before relaxing)
 .eh_frame      0x000000000011a6f8       0x1c binaries/panic.o
                                         0x34 (size before relaxing)
 .eh_frame      0x000000000011a714      0x1c8 binaries/pci.o
                                        0x1e0 (size before relaxing)
 .eh_frame      0x000000000011a8dc       0x20 binaries/ptclear.o
                                         0x38 (size before relaxing)
 .eh_frame      0x000000000011a8fc       0x20 binaries/ptcount.o
                                         0x38 (size before relaxing)
 .eh_frame      0x000000000011a91c       0x20 binaries/ptcreate.o
                                         0x38 (size before relaxing)
 .eh_frame      0x000000000011a93c       0x20 binaries/ptdelete.o
                                         0x38 (size before relaxing)
 .eh_frame      0x000000000011a95c       0x20 binaries/ptinit.o
                                         0x38 (size before relaxing)
 .eh_frame      0x000000000011a97c       0x20 binaries/ptrecv.o
                                         0x38 (size before relaxing)
 .eh_frame      0x000000000011a99c       0x20 binaries/ptreset.o
                                         0x38 (size before relaxing)
 .eh_frame      0x000000000011a9bc       0x20 binaries/ptsend.o
                                         0x38 (size before relaxing)
 .eh_frame      0x000000000011a9dc       0x20 binaries/putc.o
                                         0x38 (size before relaxing)
 .eh_frame      0x000000000011a9fc       0x40 binaries/queue.o
                                         0x58 (size before relaxing)
 .eh_frame      0x000000000011aa3c       0x20 binaries/read.o
                                         0x38 (size before relaxing)
 .eh_frame      0x000000000011aa5c       0x24 binaries/ready.o
                                         0x3c (size before relaxing)
 .eh_frame      0x000000000011aa80       0x20 binaries/receive.o
                                         0x38 (size before relaxing)
 .eh_frame      0x000000000011aaa0       0x20 binaries/recvclr.o
                                         0x38 (size before relaxing)
 .eh_frame      0x000000000011aac0       0x20 binaries/recvtime.o
                                         0x38 (size before relaxing)
 .eh_frame      0x000000000011aae0       0x40 binaries/resched.o
                                         0x58 (size before relaxing)
 .eh_frame      0x000000000011ab20       0x20 binaries/resume.o
                                         0x38 (size before relaxing)
 .eh_frame      0x000000000011ab40       0x20 binaries/seek.o
                                         0x38 (size before relaxing)
 .eh_frame      0x000000000011ab60       0x20 binaries/semcount.o
                                         0x38 (size before relaxing)
 .eh_frame      0x000000000011ab80       0x40 binaries/semcreate.o
                                         0x58 (size before relaxing)
 .eh_frame      0x000000000011abc0       0x20 binaries/semdelete.o
                                         0x38 (size before relaxing)
 .eh_frame      0x000000000011abe0       0x20 binaries/semreset.o
                                         0x38 (size before relaxing)
 .eh_frame      0x000000000011ac00       0x20 binaries/send.o
                                         0x38 (size before relaxing)
 .eh_frame      0x000000000011ac20       0x20 binaries/signal.o
                                         0x38 (size before relaxing)
 .eh_frame      0x000000000011ac40       0x20 binaries/signaln.o
                                         0x38 (size before relaxing)
 .eh_frame      0x000000000011ac60       0x40 binaries/sleep.o
                                         0x58 (size before relaxing)
 .eh_frame      0x000000000011aca0       0x20 binaries/stacktrace.o
                                         0x38 (size before relaxing)
 .eh_frame      0x000000000011acc0       0x20 binaries/suspend.o
                                         0x38 (size before relaxing)
 .eh_frame      0x000000000011ace0       0x20 binaries/unsleep.o
                                         0x38 (size before relaxing)
 .eh_frame      0x000000000011ad00       0x20 binaries/userret.o
                                         0x38 (size before relaxing)
 .eh_frame      0x000000000011ad20       0x20 binaries/wait.o
                                         0x38 (size before relaxing)
 .eh_frame      0x000000000011ad40       0x20 binaries/wakeup.o
                                         0x38 (size before relaxing)
 .eh_frame      0x000000000011ad60       0x20 binaries/write.o
                                         0x38 (size before relaxing)
 .eh_frame      0x000000000011ad80       0x20 binaries/xdone.o
                                         0x38 (size before relaxing)
 .eh_frame      0x000000000011ada0       0x20 binaries/yield.o
                                         0x38 (size before relaxing)
 .eh_frame      0x000000000011adc0       0x20 binaries/abs.o
                                         0x38 (size before relaxing)
 .eh_frame      0x000000000011ade0       0x20 binaries/atoi.o
                                         0x38 (size before relaxing)
 .eh_frame      0x000000000011ae00       0x20 binaries/atol.o
                                         0x38 (size before relaxing)
 .eh_frame      0x000000000011ae20       0x20 binaries/bzero.o
                                         0x38 (size before relaxing)
 .eh_frame      0x000000000011ae40       0xe0 binaries/doprnt.o
                                         0xf8 (size before relaxing)
 .eh_frame      0x000000000011af20       0xb0 binaries/doscan.o
                                         0xc8 (size before relaxing)
 .eh_frame      0x000000000011afd0       0xc0 binaries/fdoprnt.o
                                         0xd8 (size before relaxing)
 .eh_frame      0x000000000011b090       0x20 binaries/fgetc.o
                                         0x38 (size before relaxing)
 .eh_frame      0x000000000011b0b0       0x20 binaries/fgets.o
                                         0x38 (size before relaxing)
 .eh_frame      0x000000000011b0d0       0x20 binaries/fprintf.o
                                         0x38 (size before relaxing)
 .eh_frame      0x000000000011b0f0       0x20 binaries/fputc.o
                                         0x38 (size before relaxing)
 .eh_frame      0x000000000011b110       0x20 binaries/fputs.o
                                         0x38 (size before relaxing)
 .eh_frame      0x000000000011b130       0x60 binaries/fscanf.o
                                         0x78 (size before relaxing)
 .eh_frame      0x000000000011b190       0x20 binaries/getchar.o
                                         0x38 (size before relaxing)
 .eh_frame      0x000000000011b1b0       0x20 binaries/labs.o
                                         0x38 (size before relaxing)
 .eh_frame      0x000000000011b1d0       0x20 binaries/memcmp.o
                                         0x38 (size before relaxing)
 .eh_frame      0x000000000011b1f0       0x24 binaries/memcpy.o
                                         0x3c (size before relaxing)
 .eh_frame      0x000000000011b214       0x24 binaries/memset.o
                                         0x3c (size before relaxing)
 .eh_frame      0x000000000011b238       0x20 binaries/printf.o
                                         0x38 (size before relaxing)
 .eh_frame      0x000000000011b258       0x20 binaries/putchar.o
                                         0x38 (size before relaxing)
 .eh_frame      0x000000000011b278       0xa8 binaries/qsort.o
                                         0xc0 (size before relaxing)
 .eh_frame      0x000000000011b320       0x60 binaries/rand.o
                                         0x78 (size before relaxing)
 .eh_frame      0x000000000011b380       0x40 binaries/sprintf.o
                                         0x58 (size before relaxing)
 .eh_frame      0x000000000011b3c0       0x60 binaries/sscanf.o
                                         0x78 (size before relaxing)
 .eh_frame      0x000000000011b420       0x20 binaries/strchr.o
                                         0x38 (size before relaxing)
 .eh_frame      0x000000000011b440       0x20 binaries/strcmp.o
                                         0x38 (size before relaxing)
 .eh_frame      0x000000000011b460       0x20 binaries/strcpy.o
                                         0x38 (size before relaxing)
 .eh_frame      0x000000000011b480       0x20 binaries/strlen.o
                                         0x38 (size before relaxing)
 .eh_frame      0x000000000011b4a0       0x20 binaries/strncat.o
                                         0x38 (size before relaxing)
 .eh_frame      0x000000000011b4c0       0x20 binaries/strncmp.o
                                         0x38 (size before relaxing)
 .eh_frame      0x000000000011b4e0       0x28 binaries/strncpy.o
                                         0x40 (size before relaxing)
 .eh_frame      0x000000000011b508       0x20 binaries/strnlen.o
                                         0x38 (size before relaxing)
 .eh_frame      0x000000000011b528       0x20 binaries/strrchr.o
                                         0x38 (size before relaxing)
 .eh_frame      0x000000000011b548       0x20 binaries/strstr.o
                                         0x38 (size before relaxing)
 .eh_frame      0x000000000011b568       0x20 binaries/ttycontrol.o
                                         0x38 (size before relaxing)
 .eh_frame      0x000000000011b588       0x20 binaries/ttygetc.o
                                         0x38 (size before relaxing)
 .eh_frame      0x000000000011b5a8       0x80 binaries/ttyhandle_in.o
                                         0x98 (size before relaxing)
 .eh_frame      0x000000000011b628       0x20 binaries/ttyhandle_out.o
                                         0x38 (size before relaxing)
 .eh_frame      0x000000000011b648       0x20 binaries/ttyhandler.o
                                         0x38 (size before relaxing)
 .eh_frame      0x000000000011b668       0x20 binaries/ttyinit.o
                                         0x38 (size before relaxing)
 .eh_frame      0x000000000011b688       0x20 binaries/ttykickout.o
                                         0x38 (size before relaxing)
 .eh_frame      0x000000000011b6a8       0x20 binaries/ttyputc.o
                                         0x38 (size before relaxing)
 .eh_frame      0x000000000011b6c8       0x24 binaries/ttyread.o
                                         0x3c (size before relaxing)
 .eh_frame      0x000000000011b6ec       0x20 binaries/ttywrite.o
                                         0x38 (size before relaxing)
 .eh_frame      0x000000000011b70c       0x40 binaries/mount.o
                                         0x58 (size before relaxing)
 .eh_frame      0x000000000011b74c       0x20 binaries/naminit.o
                                         0x38 (size before relaxing)
 .eh_frame      0x000000000011b76c       0x60 binaries/nammap.o
                                         0x78 (size before relaxing)
 .eh_frame      0x000000000011b7cc       0x20 binaries/namopen.o
                                         0x38 (size before relaxing)
 .eh_frame      0x000000000011b7ec      0x150 binaries/82545EMInit.o
                                        0x168 (size before relaxing)
 .eh_frame      0x000000000011b93c       0xa0 binaries/ethcontrol.o
                                         0xb8 (size before relaxing)
 .eh_frame      0x000000000011b9dc       0x80 binaries/ethhandler.o
                                         0x98 (size before relaxing)
 .eh_frame      0x000000000011ba5c       0x20 binaries/ethinit.o
                                         0x38 (size before relaxing)
 .eh_frame      0x000000000011ba7c       0x60 binaries/ethread.o
                                         0x78 (size before relaxing)
 .eh_frame      0x000000000011badc       0x60 binaries/ethwrite.o
                                         0x78 (size before relaxing)
 .eh_frame      0x000000000011bb3c       0x20 binaries/rdsbufalloc.o
                                         0x38 (size before relaxing)
 .eh_frame      0x000000000011bb5c       0x20 binaries/rdsclose.o
                                         0x38 (size before relaxing)
 .eh_frame      0x000000000011bb7c       0x20 binaries/rdscomm.o
                                         0x38 (size before relaxing)
 .eh_frame      0x000000000011bb9c       0x20 binaries/rdscontrol.o
                                         0x38 (size before relaxing)
 .eh_frame      0x000000000011bbbc       0x20 binaries/rdsinit.o
                                         0x38 (size before relaxing)
 .eh_frame      0x000000000011bbdc       0x20 binaries/rdsopen.o
                                         0x38 (size before relaxing)
 .eh_frame      0x000000000011bbfc       0x1c binaries/rdsprocess.o
                                         0x34 (size before relaxing)
 .eh_frame      0x000000000011bc18       0x20 binaries/rdsread.o
                                         0x38 (size before relaxing)
 .eh_frame      0x000000000011bc38       0x20 binaries/rdswrite.o
                                         0x38 (size before relaxing)
 .eh_frame      0x000000000011bc58       0x20 binaries/ramclose.o
                                         0x38 (size before relaxing)
 .eh_frame      0x000000000011bc78       0x20 binaries/raminit.o
                                         0x38 (size before relaxing)
 .eh_frame      0x000000000011bc98       0x20 binaries/ramopen.o
                                         0x38 (size before relaxing)
 .eh_frame      0x000000000011bcb8       0x20 binaries/ramread.o
                                         0x38 (size before relaxing)
 .eh_frame      0x000000000011bcd8       0x20 binaries/ramwrite.o
                                         0x38 (size before relaxing)
 .eh_frame      0x000000000011bcf8       0x20 binaries/lfdballoc.o
                                         0x38 (size before relaxing)
 .eh_frame      0x000000000011bd18       0x20 binaries/lfdbfree.o
                                         0x38 (size before relaxing)
 .eh_frame      0x000000000011bd38       0x20 binaries/lfflush.o
                                         0x38 (size before relaxing)
 .eh_frame      0x000000000011bd58       0x20 binaries/lfgetmode.o
                                         0x38 (size before relaxing)
 .eh_frame      0x000000000011bd78       0x20 binaries/lfiballoc.o
                                         0x38 (size before relaxing)
 .eh_frame      0x000000000011bd98       0x20 binaries/lfibclear.o
                                         0x38 (size before relaxing)
 .eh_frame      0x000000000011bdb8       0x20 binaries/lfibget.o
                                         0x38 (size before relaxing)
 .eh_frame      0x000000000011bdd8       0x20 binaries/lfibput.o
                                         0x38 (size before relaxing)
 .eh_frame      0x000000000011bdf8       0x20 binaries/lflclose.o
                                         0x38 (size before relaxing)
 .eh_frame      0x000000000011be18       0x20 binaries/lflcontrol.o
                                         0x38 (size before relaxing)
 .eh_frame      0x000000000011be38       0x20 binaries/lflgetc.o
                                         0x38 (size before relaxing)
 .eh_frame      0x000000000011be58       0x20 binaries/lflinit.o
                                         0x38 (size before relaxing)
 .eh_frame      0x000000000011be78       0x20 binaries/lflputc.o
                                         0x38 (size before relaxing)
 .eh_frame      0x000000000011be98       0x20 binaries/lflread.o
                                         0x38 (size before relaxing)
 .eh_frame      0x000000000011beb8       0x20 binaries/lflseek.o
                                         0x38 (size before relaxing)
 .eh_frame      0x000000000011bed8       0x20 binaries/lflwrite.o
                                         0x38 (size before relaxing)
 .eh_frame      0x000000000011bef8       0x20 binaries/lfscheck.o
                                         0x38 (size before relaxing)
 .eh_frame      0x000000000011bf18       0x20 binaries/lfsckfmt.o
                                         0x38 (size before relaxing)
 .eh_frame      0x000000000011bf38       0x20 binaries/lfscreate.o
                                         0x38 (size before relaxing)
 .eh_frame      0x000000000011bf58       0x20 binaries/lfsetup.o
                                         0x38 (size before relaxing)
 .eh_frame      0x000000000011bf78       0x20 binaries/lfsinit.o
                                         0x38 (size before relaxing)
 .eh_frame      0x000000000011bf98       0x20 binaries/lfsopen.o
                                         0x38 (size before relaxing)
 .eh_frame      0x000000000011bfb8       0x20 binaries/lftruncate.o
                                         0x38 (size before relaxing)
 .eh_frame      0x000000000011bfd8       0x20 binaries/rflclose.o
                                         0x38 (size before relaxing)
 .eh_frame      0x000000000011bff8       0x20 binaries/rflgetc.o
                                         0x38 (size before relaxing)
 .eh_frame      0x000000000011c018       0x20 binaries/rflinit.o
                                         0x38 (size before relaxing)
 .eh_frame      0x000000000011c038       0x20 binaries/rflputc.o
                                         0x38 (size before relaxing)
 .eh_frame      0x000000000011c058       0x20 binaries/rflread.o
                                         0x38 (size before relaxing)
 .eh_frame      0x000000000011c078       0x20 binaries/rflseek.o
                                         0x38 (size before relaxing)
 .eh_frame      0x000000000011c098       0x20 binaries/rflwrite.o
                                         0x38 (size before relaxing)
 .eh_frame      0x000000000011c0b8       0x20 binaries/rfscomm.o
                                         0x38 (size before relaxing)
 .eh_frame      0x000000000011c0d8       0x20 binaries/rfscontrol.o
                                         0x38 (size before relaxing)
 .eh_frame      0x000000000011c0f8       0x20 binaries/rfsgetmode.o
                                         0x38 (size before relaxing)
 .eh_frame      0x000000000011c118       0x20 binaries/rfsinit.o
                                         0x38 (size before relaxing)
 .eh_frame      0x000000000011c138       0x20 binaries/rfsndmsg.o
                                         0x38 (size before relaxing)
 .eh_frame      0x000000000011c158       0x20 binaries/rfsopen.o
                                         0x38 (size before relaxing)
 .eh_frame      0x000000000011c178       0xc0 binaries/arp.o
                                         0xd8 (size before relaxing)
 .eh_frame      0x000000000011c238       0xa0 binaries/dhcp.o
                                         0xb8 (size before relaxing)
 .eh_frame      0x000000000011c2d8       0x80 binaries/dns.o
                                         0x98 (size before relaxing)
 .eh_frame      0x000000000011c358       0x20 binaries/dot2ip.o
                                         0x38 (size before relaxing)
 .eh_frame      0x000000000011c378       0x40 binaries/hexdump.o
                                         0x58 (size before relaxing)
 .eh_frame      0x000000000011c3b8      0x14c binaries/icmp.o
                                        0x164 (size before relaxing)
 .eh_frame      0x000000000011c504      0x11c binaries/ip.o
                                        0x134 (size before relaxing)
 .eh_frame      0x000000000011c620       0xa0 binaries/net.o
                                         0xb8 (size before relaxing)
 .eh_frame      0x000000000011c6c0       0x60 binaries/pdump.o
                                         0x78 (size before relaxing)
 .eh_frame      0x000000000011c720       0x60 binaries/tftp.o
                                         0x78 (size before relaxing)
 .eh_frame      0x000000000011c780      0x140 binaries/udp.o
                                        0x158 (size before relaxing)
 .eh_frame      0x000000000011c8c0       0x20 binaries/addargs.o
                                         0x38 (size before relaxing)
 .eh_frame      0x000000000011c8e0       0x20 binaries/lexan.o
                                         0x38 (size before relaxing)
 .eh_frame      0x000000000011c900       0x20 binaries/shell.o
                                         0x38 (size before relaxing)
 .eh_frame      0x000000000011c920       0x20 binaries/xsh_argecho.o
                                         0x38 (size before relaxing)
 .eh_frame      0x000000000011c940       0x40 binaries/xsh_arp.o
                                         0x58 (size before relaxing)
 .eh_frame      0x000000000011c980       0x20 binaries/xsh_cat.o
                                         0x38 (size before relaxing)
 .eh_frame      0x000000000011c9a0       0x20 binaries/xsh_clear.o
                                         0x38 (size before relaxing)
 .eh_frame      0x000000000011c9c0       0x20 binaries/xsh_date.o
                                         0x38 (size before relaxing)
 .eh_frame      0x000000000011c9e0       0x20 binaries/xsh_devdump.o
                                         0x38 (size before relaxing)
 .eh_frame      0x000000000011ca00       0x20 binaries/xsh_echo.o
                                         0x38 (size before relaxing)
 .eh_frame      0x000000000011ca20       0x20 binaries/xsh_exit.o
                                         0x38 (size before relaxing)
 .eh_frame      0x000000000011ca40       0x20 binaries/xsh_help.o
                                         0x38 (size before relaxing)
 .eh_frame      0x000000000011ca60       0x20 binaries/xsh_kill.o
                                         0x38 (size before relaxing)
 .eh_frame      0x000000000011ca80       0x40 binaries/xsh_memdump.o
                                         0x58 (size before relaxing)
 .eh_frame      0x000000000011cac0       0x60 binaries/xsh_memstat.o
                                         0x78 (size before relaxing)
 .eh_frame      0x000000000011cb20       0x30 binaries/xsh_netinfo.o
                                         0x48 (size before relaxing)
 .eh_frame      0x000000000011cb50       0x24 binaries/xsh_ping.o
                                         0x3c (size before relaxing)
 .eh_frame      0x000000000011cb74       0x30 binaries/xsh_ps.o
                                         0x48 (size before relaxing)
 .eh_frame      0x000000000011cba4       0x20 binaries/xsh_sleep.o
                                         0x38 (size before relaxing)
 .eh_frame      0x000000000011cbc4       0x20 binaries/xsh_udpdump.o
                                         0x38 (size before relaxing)
 .eh_frame      0x000000000011cbe4       0x30 binaries/xsh_udpecho.o
                                         0x48 (size before relaxing)
 .eh_frame      0x000000000011cc14       0x24 binaries/xsh_udpserver.o
                                         0x3c (size before relaxing)
 .eh_frame      0x000000000011cc38       0x20 binaries/xsh_uptime.o
                                         0x38 (size before relaxing)

.iplt           0x000000000011cc60        0x0
 .iplt          0x000000000011cc60        0x0 binaries/start.o

.rel.dyn        0x000000000011cc58        0x0
 .rel.iplt      0x000000000011cc58        0x0 binaries/start.o
 .rel.text      0x000000000011cc58        0x0 binaries/start.o
 .rel.data      0x000000000011cc58        0x0 binaries/start.o
 .rel.rodata    0x000000000011cc58        0x0 binaries/start.o

.data           0x000000000011cc60     0x13a0
                0x000000000011cc60                data = ABSOLUTE (.)
 *(.data .data.*)
 .data          0x000000000011cc60      0x460 binaries/start.o
                0x000000000011cc60                gdt
                0x000000000011cca0                gdtr
                0x000000000011cca6                idt
                0x000000000011d0a6                idtr
                0x000000000011d0ac                cpudelay
                0x000000000011d0b0                _bootdev
                0x000000000011d0b4                _cyloffset
 .data          0x000000000011d0c0       0x88 binaries/ascdate.o
                0x000000000011d0c0                Date
 .data          0x000000000011d148        0x0 binaries/bufinit.o
 .data          0x000000000011d148        0x0 binaries/chprio.o
 .data          0x000000000011d148        0x4 binaries/clkhandler.o
 .data          0x000000000011d14c        0x0 binaries/clkinit.o
 .data          0x000000000011d14c        0x0 binaries/close.o
 *fill*         0x000000000011d14c       0x14 
 .data          0x000000000011d160      0x5a0 binaries/conf.o
                0x000000000011d160                devtab
 .data          0x000000000011d700        0x0 binaries/control.o
 .data          0x000000000011d700        0x4 binaries/create.o
 *fill*         0x000000000011d704       0x1c 
 .data          0x000000000011d720       0x40 binaries/evec.o
                0x000000000011d720                inames
 .data          0x000000000011d760        0x0 binaries/exit.o
 .data          0x000000000011d760        0x0 binaries/freebuf.o
 .data          0x000000000011d760        0x0 binaries/freemem.o
 .data          0x000000000011d760        0x0 binaries/getbuf.o
 .data          0x000000000011d760        0x0 binaries/getc.o
 .data          0x000000000011d760        0x0 binaries/getdev.o
 .data          0x000000000011d760        0x0 binaries/getitem.o
 .data          0x000000000011d760        0x0 binaries/getmem.o
 .data          0x000000000011d760        0x0 binaries/getpid.o
 .data          0x000000000011d760        0x0 binaries/getprio.o
 .data          0x000000000011d760        0x0 binaries/getstk.o
 .data          0x000000000011d760        0x0 binaries/getticks.o
 .data          0x000000000011d760        0x0 binaries/gettime.o
 .data          0x000000000011d760        0x0 binaries/getutime.o
 .data          0x000000000011d760       0x40 binaries/i386.o
                0x000000000011d760                gdt_copy
 .data          0x000000000011d7a0        0x0 binaries/init.o
 .data          0x000000000011d7a0        0x0 binaries/initialize.o
 .data          0x000000000011d7a0        0x0 binaries/insert.o
 .data          0x000000000011d7a0        0x0 binaries/insertd.o
 .data          0x000000000011d7a0        0x0 binaries/ioerr.o
 .data          0x000000000011d7a0        0x0 binaries/ionull.o
 .data          0x000000000011d7a0        0x0 binaries/kill.o
 .data          0x000000000011d7a0        0x0 binaries/kprintf.o
 .data          0x000000000011d7a0        0x0 binaries/main.o
 .data          0x000000000011d7a0        0x0 binaries/mark.o
 .data          0x000000000011d7a0        0x0 binaries/meminit.o
 .data          0x000000000011d7a0        0x0 binaries/mkbufpool.o
 .data          0x000000000011d7a0        0x2 binaries/newqueue.o
 .data          0x000000000011d7a2        0x0 binaries/open.o
 .data          0x000000000011d7a2        0x0 binaries/panic.o
 *fill*         0x000000000011d7a2        0x2 
 .data          0x000000000011d7a4       0x10 binaries/pci.o
 .data          0x000000000011d7b4        0x0 binaries/ptclear.o
 .data          0x000000000011d7b4        0x0 binaries/ptcount.o
 .data          0x000000000011d7b4        0x0 binaries/ptcreate.o
 .data          0x000000000011d7b4        0x0 binaries/ptdelete.o
 .data          0x000000000011d7b4        0x0 binaries/ptinit.o
 .data          0x000000000011d7b4        0x0 binaries/ptrecv.o
 .data          0x000000000011d7b4        0x0 binaries/ptreset.o
 .data          0x000000000011d7b4        0x0 binaries/ptsend.o
 .data          0x000000000011d7b4        0x0 binaries/putc.o
 .data          0x000000000011d7b4        0x0 binaries/queue.o
 .data          0x000000000011d7b4        0x0 binaries/read.o
 .data          0x000000000011d7b4        0x0 binaries/ready.o
 .data          0x000000000011d7b4        0x0 binaries/receive.o
 .data          0x000000000011d7b4        0x0 binaries/recvclr.o
 .data          0x000000000011d7b4        0x0 binaries/recvtime.o
 .data          0x000000000011d7b4        0x0 binaries/resched.o
 .data          0x000000000011d7b4        0x0 binaries/resume.o
 .data          0x000000000011d7b4        0x0 binaries/seek.o
 .data          0x000000000011d7b4        0x0 binaries/semcount.o
 .data          0x000000000011d7b4        0x0 binaries/semcreate.o
 .data          0x000000000011d7b4        0x0 binaries/semdelete.o
 .data          0x000000000011d7b4        0x0 binaries/semreset.o
 .data          0x000000000011d7b4        0x0 binaries/send.o
[...]
 .comment       0x000000000000001d       0x1e binaries/arp.o
 .comment       0x000000000000001d       0x1e binaries/dhcp.o
 .comment       0x000000000000001d       0x1e binaries/dns.o
 .comment       0x000000000000001d       0x1e binaries/dot2ip.o
 .comment       0x000000000000001d       0x1e binaries/hexdump.o
 .comment       0x000000000000001d       0x1e binaries/icmp.o
 .comment       0x000000000000001d       0x1e binaries/ip.o
 .comment       0x000000000000001d       0x1e binaries/net.o
 .comment       0x000000000000001d       0x1e binaries/pdump.o
 .comment       0x000000000000001d       0x1e binaries/tftp.o
 .comment       0x000000000000001d       0x1e binaries/udp.o
 .comment       0x000000000000001d       0x1e binaries/addargs.o
 .comment       0x000000000000001d       0x1e binaries/lexan.o
 .comment       0x000000000000001d       0x1e binaries/shell.o
 .comment       0x000000000000001d       0x1e binaries/xsh_argecho.o
 .comment       0x000000000000001d       0x1e binaries/xsh_arp.o
 .comment       0x000000000000001d       0x1e binaries/xsh_cat.o
 .comment       0x000000000000001d       0x1e binaries/xsh_clear.o
 .comment       0x000000000000001d       0x1e binaries/xsh_date.o
 .comment       0x000000000000001d       0x1e binaries/xsh_devdump.o
 .comment       0x000000000000001d       0x1e binaries/xsh_echo.o
 .comment       0x000000000000001d       0x1e binaries/xsh_exit.o
 .comment       0x000000000000001d       0x1e binaries/xsh_help.o
 .comment       0x000000000000001d       0x1e binaries/xsh_kill.o
 .comment       0x000000000000001d       0x1e binaries/xsh_memdump.o
 .comment       0x000000000000001d       0x1e binaries/xsh_memstat.o
 .comment       0x000000000000001d       0x1e binaries/xsh_netinfo.o
 .comment       0x000000000000001d       0x1e binaries/xsh_ping.o
 .comment       0x000000000000001d       0x1e binaries/xsh_ps.o
 .comment       0x000000000000001d       0x1e binaries/xsh_sleep.o
 .comment       0x000000000000001d       0x1e binaries/xsh_udpdump.o
 .comment       0x000000000000001d       0x1e binaries/xsh_udpecho.o
 .comment       0x000000000000001d       0x1e binaries/xsh_udpserver.o
 .comment       0x000000000000001d       0x1e binaries/xsh_uptime.o

.note.GNU-stack
                0x0000000000000000        0x0
 .note.GNU-stack
                0x0000000000000000        0x0 binaries/ascdate.o
 .note.GNU-stack
                0x0000000000000000        0x0 binaries/bufinit.o
 .note.GNU-stack
                0x0000000000000000        0x0 binaries/chprio.o
 .note.GNU-stack
                0x0000000000000000        0x0 binaries/clkhandler.o
 .note.GNU-stack
                0x0000000000000000        0x0 binaries/clkinit.o
 .note.GNU-stack
                0x0000000000000000        0x0 binaries/close.o
 .note.GNU-stack
                0x0000000000000000        0x0 binaries/conf.o
 .note.GNU-stack
                0x0000000000000000        0x0 binaries/control.o
 .note.GNU-stack
                0x0000000000000000        0x0 binaries/create.o
 .note.GNU-stack
                0x0000000000000000        0x0 binaries/evec.o
 .note.GNU-stack
                0x0000000000000000        0x0 binaries/exit.o
 .note.GNU-stack
                0x0000000000000000        0x0 binaries/freebuf.o
 .note.GNU-stack
                0x0000000000000000        0x0 binaries/freemem.o
 .note.GNU-stack
                0x0000000000000000        0x0 binaries/getbuf.o
 .note.GNU-stack
                0x0000000000000000        0x0 binaries/getc.o
 .note.GNU-stack
                0x0000000000000000        0x0 binaries/getdev.o
 .note.GNU-stack
                0x0000000000000000        0x0 binaries/getitem.o
 .note.GNU-stack
                0x0000000000000000        0x0 binaries/getmem.o
 .note.GNU-stack
                0x0000000000000000        0x0 binaries/getpid.o
 .note.GNU-stack
                0x0000000000000000        0x0 binaries/getprio.o
 .note.GNU-stack
                0x0000000000000000        0x0 binaries/getstk.o
 .note.GNU-stack
                0x0000000000000000        0x0 binaries/getticks.o
 .note.GNU-stack
                0x0000000000000000        0x0 binaries/gettime.o
 .note.GNU-stack
                0x0000000000000000        0x0 binaries/getutime.o
 .note.GNU-stack
                0x0000000000000000        0x0 binaries/i386.o
 .note.GNU-stack
                0x0000000000000000        0x0 binaries/init.o
 .note.GNU-stack
                0x0000000000000000        0x0 binaries/initialize.o
 .note.GNU-stack
                0x0000000000000000        0x0 binaries/insert.o
 .note.GNU-stack
                0x0000000000000000        0x0 binaries/insertd.o
 .note.GNU-stack
                0x0000000000000000        0x0 binaries/ioerr.o
 .note.GNU-stack
                0x0000000000000000        0x0 binaries/ionull.o
 .note.GNU-stack
                0x0000000000000000        0x0 binaries/kill.o
 .note.GNU-stack
                0x0000000000000000        0x0 binaries/kprintf.o
 .note.GNU-stack
                0x0000000000000000        0x0 binaries/main.o
 .note.GNU-stack
                0x0000000000000000        0x0 binaries/mark.o
 .note.GNU-stack
                0x0000000000000000        0x0 binaries/meminit.o
 .note.GNU-stack
                0x0000000000000000        0x0 binaries/mkbufpool.o
 .note.GNU-stack
                0x0000000000000000        0x0 binaries/newqueue.o
 .note.GNU-stack
                0x0000000000000000        0x0 binaries/open.o
 .note.GNU-stack
                0x0000000000000000        0x0 binaries/panic.o
 .note.GNU-stack
                0x0000000000000000        0x0 binaries/pci.o
 .note.GNU-stack
                0x0000000000000000        0x0 binaries/ptclear.o
 .note.GNU-stack
                0x0000000000000000        0x0 binaries/ptcount.o
 .note.GNU-stack
                0x0000000000000000        0x0 binaries/ptcreate.o
 .note.GNU-stack
                0x0000000000000000        0x0 binaries/ptdelete.o
 .note.GNU-stack
                0x0000000000000000        0x0 binaries/ptinit.o
 .note.GNU-stack
                0x0000000000000000        0x0 binaries/ptrecv.o
 .note.GNU-stack
                0x0000000000000000        0x0 binaries/ptreset.o
 .note.GNU-stack
                0x0000000000000000        0x0 binaries/ptsend.o
 .note.GNU-stack
                0x0000000000000000        0x0 binaries/putc.o
 .note.GNU-stack
                0x0000000000000000        0x0 binaries/queue.o
 .note.GNU-stack
                0x0000000000000000        0x0 binaries/read.o
 .note.GNU-stack
                0x0000000000000000        0x0 binaries/ready.o
 .note.GNU-stack
                0x0000000000000000        0x0 binaries/receive.o
 .note.GNU-stack
                0x0000000000000000        0x0 binaries/recvclr.o
 .note.GNU-stack
                0x0000000000000000        0x0 binaries/recvtime.o
 .note.GNU-stack
                0x0000000000000000        0x0 binaries/resched.o
 .note.GNU-stack
                0x0000000000000000        0x0 binaries/resume.o
 .note.GNU-stack
                0x0000000000000000        0x0 binaries/seek.o
 .note.GNU-stack
                0x0000000000000000        0x0 binaries/semcount.o
 .note.GNU-stack
                0x0000000000000000        0x0 binaries/semcreate.o
 .note.GNU-stack
                0x0000000000000000        0x0 binaries/semdelete.o
 .note.GNU-stack
                0x0000000000000000        0x0 binaries/semreset.o
 .note.GNU-stack
                0x0000000000000000        0x0 binaries/send.o
 .note.GNU-stack
                0x0000000000000000        0x0 binaries/signal.o
 .note.GNU-stack
                0x0000000000000000        0x0 binaries/signaln.o
 .note.GNU-stack
                0x0000000000000000        0x0 binaries/sleep.o
 .note.GNU-stack
                0x0000000000000000        0x0 binaries/stacktrace.o
 .note.GNU-stack
                0x0000000000000000        0x0 binaries/suspend.o
 .note.GNU-stack
                0x0000000000000000        0x0 binaries/unsleep.o
 .note.GNU-stack
                0x0000000000000000        0x0 binaries/userret.o
 .note.GNU-stack
                0x0000000000000000        0x0 binaries/wait.o
 .note.GNU-stack
                0x0000000000000000        0x0 binaries/wakeup.o
 .note.GNU-stack
                0x0000000000000000        0x0 binaries/write.o
 .note.GNU-stack
                0x0000000000000000        0x0 binaries/xdone.o
 .note.GNU-stack
                0x0000000000000000        0x0 binaries/yield.o
 .note.GNU-stack
                0x0000000000000000        0x0 binaries/abs.o
 .note.GNU-stack
                0x0000000000000000        0x0 binaries/atoi.o
 .note.GNU-stack
                0x0000000000000000        0x0 binaries/atol.o
 .note.GNU-stack
                0x0000000000000000        0x0 binaries/bzero.o
 .note.GNU-stack
                0x0000000000000000        0x0 binaries/ctype_.o
 .note.GNU-stack
                0x0000000000000000        0x0 binaries/doprnt.o
 .note.GNU-stack
                0x0000000000000000        0x0 binaries/doscan.o
 .note.GNU-stack
                0x0000000000000000        0x0 binaries/fdoprnt.o
 .note.GNU-stack
                0x0000000000000000        0x0 binaries/fgetc.o
 .note.GNU-stack
                0x0000000000000000        0x0 binaries/fgets.o
 .note.GNU-stack
                0x0000000000000000        0x0 binaries/fprintf.o
 .note.GNU-stack
                0x0000000000000000        0x0 binaries/fputc.o
 .note.GNU-stack
                0x0000000000000000        0x0 binaries/fputs.o
 .note.GNU-stack
                0x0000000000000000        0x0 binaries/fscanf.o
 .note.GNU-stack
                0x0000000000000000        0x0 binaries/getchar.o
 .note.GNU-stack
                0x0000000000000000        0x0 binaries/labs.o
 .note.GNU-stack
                0x0000000000000000        0x0 binaries/memchr.o
 .note.GNU-stack
                0x0000000000000000        0x0 binaries/memcmp.o
 .note.GNU-stack
                0x0000000000000000        0x0 binaries/memcpy.o
 .note.GNU-stack
                0x0000000000000000        0x0 binaries/memset.o
 .note.GNU-stack
                0x0000000000000000        0x0 binaries/printf.o
 .note.GNU-stack
                0x0000000000000000        0x0 binaries/putchar.o
 .note.GNU-stack
                0x0000000000000000        0x0 binaries/qsort.o
 .note.GNU-stack
                0x0000000000000000        0x0 binaries/rand.o
 .note.GNU-stack
                0x0000000000000000        0x0 binaries/sprintf.o
 .note.GNU-stack
                0x0000000000000000        0x0 binaries/sscanf.o
 .note.GNU-stack
                0x0000000000000000        0x0 binaries/strchr.o
 .note.GNU-stack
                0x0000000000000000        0x0 binaries/strcmp.o
 .note.GNU-stack
                0x0000000000000000        0x0 binaries/strcpy.o
 .note.GNU-stack
                0x0000000000000000        0x0 binaries/strlen.o
 .note.GNU-stack
                0x0000000000000000        0x0 binaries/strncat.o
 .note.GNU-stack
                0x0000000000000000        0x0 binaries/strncmp.o
 .note.GNU-stack
                0x0000000000000000        0x0 binaries/strncpy.o
 .note.GNU-stack
                0x0000000000000000        0x0 binaries/strnlen.o
 .note.GNU-stack
                0x0000000000000000        0x0 binaries/strrchr.o
 .note.GNU-stack
                0x0000000000000000        0x0 binaries/strstr.o
 .note.GNU-stack
                0x0000000000000000        0x0 binaries/ttycontrol.o
 .note.GNU-stack
                0x0000000000000000        0x0 binaries/ttygetc.o
 .note.GNU-stack
                0x0000000000000000        0x0 binaries/ttyhandle_in.o
 .note.GNU-stack
                0x0000000000000000        0x0 binaries/ttyhandle_out.o
 .note.GNU-stack
                0x0000000000000000        0x0 binaries/ttyhandler.o
 .note.GNU-stack
                0x0000000000000000        0x0 binaries/ttyinit.o
 .note.GNU-stack
                0x0000000000000000        0x0 binaries/ttykickout.o
 .note.GNU-stack
                0x0000000000000000        0x0 binaries/ttyputc.o
 .note.GNU-stack
                0x0000000000000000        0x0 binaries/ttyread.o
 .note.GNU-stack
                0x0000000000000000        0x0 binaries/ttywrite.o
 .note.GNU-stack
                0x0000000000000000        0x0 binaries/mount.o
 .note.GNU-stack
                0x0000000000000000        0x0 binaries/naminit.o
 .note.GNU-stack
                0x0000000000000000        0x0 binaries/nammap.o
 .note.GNU-stack
                0x0000000000000000        0x0 binaries/namopen.o
 .note.GNU-stack
                0x0000000000000000        0x0 binaries/82545EMInit.o
 .note.GNU-stack
                0x0000000000000000        0x0 binaries/ethcontrol.o
 .note.GNU-stack
                0x0000000000000000        0x0 binaries/ethhandler.o
 .note.GNU-stack
                0x0000000000000000        0x0 binaries/ethinit.o
 .note.GNU-stack
                0x0000000000000000        0x0 binaries/ethread.o
 .note.GNU-stack
                0x0000000000000000        0x0 binaries/ethwrite.o
 .note.GNU-stack
                0x0000000000000000        0x0 binaries/rdsbufalloc.o
 .note.GNU-stack
                0x0000000000000000        0x0 binaries/rdsclose.o
 .note.GNU-stack
                0x0000000000000000        0x0 binaries/rdscomm.o
 .note.GNU-stack
                0x0000000000000000        0x0 binaries/rdscontrol.o
 .note.GNU-stack
                0x0000000000000000        0x0 binaries/rdsinit.o
 .note.GNU-stack
                0x0000000000000000        0x0 binaries/rdsopen.o
 .note.GNU-stack
                0x0000000000000000        0x0 binaries/rdsprocess.o
 .note.GNU-stack
                0x0000000000000000        0x0 binaries/rdsread.o
 .note.GNU-stack
                0x0000000000000000        0x0 binaries/rdswrite.o
 .note.GNU-stack
                0x0000000000000000        0x0 binaries/ramclose.o
 .note.GNU-stack
                0x0000000000000000        0x0 binaries/raminit.o
 .note.GNU-stack
                0x0000000000000000        0x0 binaries/ramopen.o
 .note.GNU-stack
                0x0000000000000000        0x0 binaries/ramread.o
 .note.GNU-stack
                0x0000000000000000        0x0 binaries/ramwrite.o
 .note.GNU-stack
                0x0000000000000000        0x0 binaries/lfdballoc.o
 .note.GNU-stack
                0x0000000000000000        0x0 binaries/lfdbfree.o
 .note.GNU-stack
                0x0000000000000000        0x0 binaries/lfflush.o
 .note.GNU-stack
                0x0000000000000000        0x0 binaries/lfgetmode.o
 .note.GNU-stack
                0x0000000000000000        0x0 binaries/lfiballoc.o
 .note.GNU-stack
                0x0000000000000000        0x0 binaries/lfibclear.o
 .note.GNU-stack
                0x0000000000000000        0x0 binaries/lfibget.o
 .note.GNU-stack
                0x0000000000000000        0x0 binaries/lfibput.o
 .note.GNU-stack
                0x0000000000000000        0x0 binaries/lflclose.o
 .note.GNU-stack
                0x0000000000000000        0x0 binaries/lflcontrol.o
 .note.GNU-stack
                0x0000000000000000        0x0 binaries/lflgetc.o
 .note.GNU-stack
                0x0000000000000000        0x0 binaries/lflinit.o
 .note.GNU-stack
                0x0000000000000000        0x0 binaries/lflputc.o
 .note.GNU-stack
                0x0000000000000000        0x0 binaries/lflread.o
 .note.GNU-stack
                0x0000000000000000        0x0 binaries/lflseek.o
 .note.GNU-stack
                0x0000000000000000        0x0 binaries/lflwrite.o
 .note.GNU-stack
                0x0000000000000000        0x0 binaries/lfscheck.o
 .note.GNU-stack
                0x0000000000000000        0x0 binaries/lfsckfmt.o
 .note.GNU-stack
                0x0000000000000000        0x0 binaries/lfscreate.o
 .note.GNU-stack
                0x0000000000000000        0x0 binaries/lfsetup.o
 .note.GNU-stack
                0x0000000000000000        0x0 binaries/lfsinit.o
 .note.GNU-stack
                0x0000000000000000        0x0 binaries/lfsopen.o
 .note.GNU-stack
                0x0000000000000000        0x0 binaries/lftruncate.o
 .note.GNU-stack
                0x0000000000000000        0x0 binaries/rflclose.o
 .note.GNU-stack
                0x0000000000000000        0x0 binaries/rflgetc.o
 .note.GNU-stack
                0x0000000000000000        0x0 binaries/rflinit.o
 .note.GNU-stack
                0x0000000000000000        0x0 binaries/rflputc.o
 .note.GNU-stack
                0x0000000000000000        0x0 binaries/rflread.o
 .note.GNU-stack
                0x0000000000000000        0x0 binaries/rflseek.o
 .note.GNU-stack
                0x0000000000000000        0x0 binaries/rflwrite.o
 .note.GNU-stack
                0x0000000000000000        0x0 binaries/rfscomm.o
 .note.GNU-stack
                0x0000000000000000        0x0 binaries/rfscontrol.o
 .note.GNU-stack
                0x0000000000000000        0x0 binaries/rfsgetmode.o
 .note.GNU-stack
                0x0000000000000000        0x0 binaries/rfsinit.o
 .note.GNU-stack
                0x0000000000000000        0x0 binaries/rfsndmsg.o
 .note.GNU-stack
                0x0000000000000000        0x0 binaries/rfsopen.o
 .note.GNU-stack
                0x0000000000000000        0x0 binaries/arp.o
 .note.GNU-stack
                0x0000000000000000        0x0 binaries/dhcp.o
 .note.GNU-stack
                0x0000000000000000        0x0 binaries/dns.o
 .note.GNU-stack
                0x0000000000000000        0x0 binaries/dot2ip.o
 .note.GNU-stack
                0x0000000000000000        0x0 binaries/hexdump.o
 .note.GNU-stack
                0x0000000000000000        0x0 binaries/icmp.o
 .note.GNU-stack
                0x0000000000000000        0x0 binaries/ip.o
 .note.GNU-stack
                0x0000000000000000        0x0 binaries/net.o
 .note.GNU-stack
                0x0000000000000000        0x0 binaries/pdump.o
 .note.GNU-stack
                0x0000000000000000        0x0 binaries/tftp.o
 .note.GNU-stack
                0x0000000000000000        0x0 binaries/udp.o
 .note.GNU-stack
                0x0000000000000000        0x0 binaries/addargs.o
 .note.GNU-stack
                0x0000000000000000        0x0 binaries/lexan.o
 .note.GNU-stack
                0x0000000000000000        0x0 binaries/shell.o
 .note.GNU-stack
                0x0000000000000000        0x0 binaries/xsh_argecho.o
 .note.GNU-stack
                0x0000000000000000        0x0 binaries/xsh_arp.o
 .note.GNU-stack
                0x0000000000000000        0x0 binaries/xsh_cat.o
 .note.GNU-stack
                0x0000000000000000        0x0 binaries/xsh_clear.o
 .note.GNU-stack
                0x0000000000000000        0x0 binaries/xsh_date.o
 .note.GNU-stack
                0x0000000000000000        0x0 binaries/xsh_devdump.o
 .note.GNU-stack
                0x0000000000000000        0x0 binaries/xsh_echo.o
 .note.GNU-stack
                0x0000000000000000        0x0 binaries/xsh_exit.o
 .note.GNU-stack
                0x0000000000000000        0x0 binaries/xsh_help.o
 .note.GNU-stack
                0x0000000000000000        0x0 binaries/xsh_kill.o
 .note.GNU-stack
                0x0000000000000000        0x0 binaries/xsh_memdump.o
 .note.GNU-stack
                0x0000000000000000        0x0 binaries/xsh_memstat.o
 .note.GNU-stack
                0x0000000000000000        0x0 binaries/xsh_netinfo.o
 .note.GNU-stack
                0x0000000000000000        0x0 binaries/xsh_ping.o
 .note.GNU-stack
                0x0000000000000000        0x0 binaries/xsh_ps.o
 .note.GNU-stack
                0x0000000000000000        0x0 binaries/xsh_sleep.o
 .note.GNU-stack
                0x0000000000000000        0x0 binaries/xsh_udpdump.o
 .note.GNU-stack
                0x0000000000000000        0x0 binaries/xsh_udpecho.o
 .note.GNU-stack
                0x0000000000000000        0x0 binaries/xsh_udpserver.o
 .note.GNU-stack
                0x0000000000000000        0x0 binaries/xsh_uptime.o
