
Allocating common symbols
Common symbol       size              file

netbufpool          0x4               binaries/net.o
readylist           0x2               binaries/ready.o
rfltab              0x5a0             binaries/rflinit.o
netportseed         0x8               binaries/net.o
b                   0x4               binaries/main.o
sleepq              0x2               binaries/clkinit.o
nnames              0x4               binaries/naminit.o
udptab              0x168             binaries/udp.o
minheap             0x4               binaries/meminit.o
marks               0x50              binaries/mark.o
clktimems           0x4               binaries/ascdate.o
currpid             0x4               binaries/initialize.o
Lf_data             0x20c             binaries/lfsinit.o
porttab             0x2d0             binaries/ptinit.o
girmask             0x2               binaries/evec.o
ttytab              0x110             binaries/ttyinit.o
last                0x190             binaries/resched.o
proctab             0x1a90            binaries/initialize.o
prcount             0x4               binaries/initialize.o
lfltab              0xf00             binaries/lflinit.o
rdstab              0x8c              binaries/rdsinit.o
ethertab            0x130             binaries/ethinit.o
NetData             0xb0              binaries/net.o
nmarks              0x4               binaries/mark.o
initsp              0x4               binaries/i386.o
Defer               0x8               binaries/resched.o
semtab              0x4b0             binaries/initialize.o
maxheap             0x4               binaries/meminit.o
preempt             0x4               binaries/clkinit.o
buftab              0xf0              binaries/bufinit.o
Rf_data             0x18              binaries/rfsinit.o
c                   0x4               binaries/main.o
mkmutex             0x4               binaries/mark.o
clktime             0x4               binaries/ascdate.o
arpcache            0x140             binaries/arp.o
icmptab             0x230             binaries/icmp.o
nbpools             0x4               binaries/bufinit.o
queuetab            0x980             binaries/queue.o
a                   0x4               binaries/main.o
ptnextid            0x4               binaries/ptinit.o
Ram                 0x19000           binaries/raminit.o
tobechoosen         0x4               binaries/resched.o
ipoqueue            0x2c              binaries/ip.o
memlist             0x8               binaries/initialize.o
nametab             0x19a0            binaries/naminit.o
ptfree              0x4               binaries/ptinit.o

Memory Configuration

Name             Origin             Length             Attributes
*default*        0x0000000000000000 0xffffffffffffffff

Linker script and memory map

                0x0000000000100000                physbase = 0x100000
                0x0000000000100000                . = physbase
                0x0000000000100000                . = ALIGN (0x1000)

.text           0x0000000000100000    0x1a000
                0x0000000000100000                text = ABSOLUTE (.)
 *(.text .text.*)
 .text          0x0000000000100000      0x165 binaries/start.o
                0x0000000000100020                entry
                0x000000000010003d                start
                0x00000000001000a5                inb
                0x00000000001000ad                inw
                0x00000000001000b6                inl
                0x00000000001000be                outb
                0x00000000001000c8                outw
                0x00000000001000d3                outl
                0x00000000001000dd                _rtcin
                0x00000000001000e8                ___udivsi3
                0x00000000001000f3                ___divsi3
                0x00000000001000ff                sbzero
                0x000000000010010f                bcopy
                0x0000000000100123                insw
                0x0000000000100139                outsw
                0x000000000010014f                lidt
                0x0000000000100157                jumptocode
                0x000000000010015e                jumptobootcode
 .text          0x0000000000100165      0x3e4 binaries/ascdate.o
                0x0000000000100165                ascdate
 .text          0x0000000000100549       0x14 binaries/bufinit.o
                0x0000000000100549                bufinit
 .text          0x000000000010055d       0x8d binaries/chprio.o
                0x000000000010055d                chprio
 .text          0x00000000001005ea       0xa2 binaries/clkhandler.o
                0x00000000001005ea                clkhandler
 .text          0x000000000010068c       0x7e binaries/clkinit.o
                0x000000000010068c                clkinit
 .text          0x000000000010070a       0x75 binaries/close.o
                0x000000000010070a                close
 .text          0x000000000010077f        0x0 binaries/conf.o
 .text          0x000000000010077f       0x7b binaries/control.o
                0x000000000010077f                control
 .text          0x00000000001007fa      0x2e7 binaries/create.o
                0x00000000001007fa                create
 .text          0x0000000000100ae1      0x356 binaries/evec.o
                0x0000000000100ae1                initevec
                0x0000000000100b38                set_evec
                0x0000000000100bda                trap
 .text          0x0000000000100e37       0x1a binaries/exit.o
                0x0000000000100e37                exit
 .text          0x0000000000100e51       0x8c binaries/freebuf.o
                0x0000000000100e51                freebuf
 .text          0x0000000000100edd      0x172 binaries/freemem.o
                0x0000000000100edd                freemem
 .text          0x000000000010104f       0x8a binaries/getbuf.o
                0x000000000010104f                getbuf
 .text          0x00000000001010d9       0x75 binaries/getc.o
                0x00000000001010d9                getc
 .text          0x000000000010114e       0x73 binaries/getdev.o
                0x000000000010114e                getdev
 .text          0x00000000001011c1       0xd0 binaries/getitem.o
                0x00000000001011c1                getfirst
                0x0000000000101206                getlast
                0x000000000010124d                getitem
 .text          0x0000000000101291      0x10a binaries/getmem.o
                0x0000000000101291                getmem
 .text          0x000000000010139b        0xa binaries/getpid.o
                0x000000000010139b                getpid
 .text          0x00000000001013a5       0x74 binaries/getprio.o
                0x00000000001013a5                getprio
 .text          0x0000000000101419       0xfb binaries/getstk.o
                0x0000000000101419                getstk
 .text          0x0000000000101514       0x16 binaries/getticks.o
                0x0000000000101514                getticks
 .text          0x000000000010152a       0x3a binaries/gettime.o
                0x000000000010152a                gettime
 .text          0x0000000000101564      0x1d8 binaries/getutime.o
                0x0000000000101564                getutime
 .text          0x000000000010173c      0x3cc binaries/i386.o
                0x000000000010173c                setsegs
                0x0000000000101852                init8259
                0x0000000000101905                pseg
                0x0000000000101aae                setirmask
 .text          0x0000000000101b08       0x75 binaries/init.o
                0x0000000000101b08                init
 .text          0x0000000000101b7d      0x3db binaries/initialize.o
                0x0000000000101b7d                nulluser
                0x0000000000101eff                stop
                0x0000000000101f2a                delay
 .text          0x0000000000101f58       0xda binaries/insert.o
                0x0000000000101f58                insert
 .text          0x0000000000102032      0x115 binaries/insertd.o
                0x0000000000102032                insertd
 .text          0x0000000000102147        0xa binaries/ioerr.o
                0x0000000000102147                ioerr
 .text          0x0000000000102151        0xa binaries/ionull.o
                0x0000000000102151                ionull
 .text          0x000000000010215b      0x194 binaries/kill.o
                0x000000000010215b                kill
 .text          0x00000000001022ef      0x14e binaries/kprintf.o
                0x00000000001022ef                kputc
                0x0000000000102382                kgetc
                0x0000000000102413                kprintf
 .text          0x000000000010243d      0x221 binaries/main.o
                0x000000000010243d                main
                0x00000000001025fa                inc4ever
 .text          0x000000000010265e       0xb6 binaries/mark.o
                0x000000000010265e                markinit
                0x0000000000102683                mark
 .text          0x0000000000102714       0xcc binaries/meminit.o
                0x0000000000102714                meminit
 .text          0x00000000001027e0      0x174 binaries/mkbufpool.o
                0x00000000001027e0                mkbufpool
 .text          0x0000000000102954       0x94 binaries/newqueue.o
                0x0000000000102954                newqueue
 .text          0x00000000001029e8       0x7b binaries/open.o
                0x00000000001029e8                open
 .text          0x0000000000102a63       0x20 binaries/panic.o
                0x0000000000102a63                panic
 .text          0x0000000000102a83      0x489 binaries/pci.o
                0x0000000000102a83                pci_init
                0x0000000000102d40                find_pci_device
                0x0000000000102d8e                pci_bios_read_config_byte
                0x0000000000102dcd                pci_bios_read_config_word
                0x0000000000102e0f                pci_bios_read_config_dword
                0x0000000000102e4e                pci_bios_write_config_byte
                0x0000000000102e8f                pci_bios_write_config_word
                0x0000000000102ed1                pci_bios_write_config_dword
 .text          0x0000000000102f0c       0xf1 binaries/ptclear.o
                0x0000000000102f0c                _ptclear
 .text          0x0000000000102ffd       0x9d binaries/ptcount.o
                0x0000000000102ffd                ptcount
 .text          0x000000000010309a      0x116 binaries/ptcreate.o
                0x000000000010309a                ptcreate
 .text          0x00000000001031b0       0x7f binaries/ptdelete.o
                0x00000000001031b0                ptdelete
 .text          0x000000000010322f       0xbd binaries/ptinit.o
                0x000000000010322f                ptinit
 .text          0x00000000001032ec      0x11b binaries/ptrecv.o
                0x00000000001032ec                ptrecv
 .text          0x0000000000103407       0x77 binaries/ptreset.o
                0x0000000000103407                ptreset
 .text          0x000000000010347e      0x13d binaries/ptsend.o
                0x000000000010347e                ptsend
 .text          0x00000000001035bb       0x80 binaries/putc.o
                0x00000000001035bb                putc
 .text          0x000000000010363b      0x10d binaries/queue.o
                0x000000000010363b                enqueue
                0x00000000001036db                dequeue
 .text          0x0000000000103748       0x7b binaries/read.o
                0x0000000000103748                read
 .text          0x00000000001037c3       0x92 binaries/ready.o
                0x00000000001037c3                ready
 .text          0x0000000000103855       0x5f binaries/receive.o
                0x0000000000103855                receive
 .text          0x00000000001038b4       0x5b binaries/recvclr.o
                0x00000000001038b4                recvclr
 .text          0x000000000010390f       0xba binaries/recvtime.o
                0x000000000010390f                recvtime
 .text          0x00000000001039c9      0x432 binaries/resched.o
                0x00000000001039c9                sfrequency
                0x00000000001039e2                aging
                0x0000000000103acc                prop
                0x0000000000103b39                check
                0x0000000000103bd0                resched
                0x0000000000103d86                resched_cntl
 .text          0x0000000000103dfb       0xaa binaries/resume.o
                0x0000000000103dfb                resume
 .text          0x0000000000103ea5       0x79 binaries/seek.o
                0x0000000000103ea5                seek
 .text          0x0000000000103f1e       0x6f binaries/semcount.o
                0x0000000000103f1e                semcount
 .text          0x0000000000103f8d       0xd5 binaries/semcreate.o
                0x0000000000103f8d                semcreate
 .text          0x0000000000104062       0xcd binaries/semdelete.o
                0x0000000000104062                semdelete
 .text          0x000000000010412f       0xcb binaries/semreset.o
                0x000000000010412f                semreset
 .text          0x00000000001041fa       0xe6 binaries/send.o
                0x00000000001041fa                send
 .text          0x00000000001042e0       0xa8 binaries/signal.o
                0x00000000001042e0                signal
 .text          0x0000000000104388       0xd6 binaries/signaln.o
                0x0000000000104388                signaln
 .text          0x000000000010445e       0xe9 binaries/sleep.o
                0x000000000010445e                sleep
                0x00000000001044ac                sleepms
 .text          0x0000000000104547      0x18a binaries/stacktrace.o
                0x0000000000104547                stacktrace
 .text          0x00000000001046d1       0xe0 binaries/suspend.o
                0x00000000001046d1                suspend
 .text          0x00000000001047b1       0xe2 binaries/unsleep.o
                0x00000000001047b1                unsleep
 .text          0x0000000000104893       0x1a binaries/userret.o
                0x0000000000104893                userret
 .text          0x00000000001048ad       0xda binaries/wait.o
                0x00000000001048ad                wait
 .text          0x0000000000104987       0x72 binaries/wakeup.o
                0x0000000000104987                wakeup
 .text          0x00000000001049f9       0x7b binaries/write.o
                0x00000000001049f9                write
 .text          0x0000000000104a74       0x1e binaries/xdone.o
                0x0000000000104a74                xdone
 .text          0x0000000000104a92       0x28 binaries/yield.o
                0x0000000000104a92                yield
 .text          0x0000000000104aba       0x11 binaries/abs.o
                0x0000000000104aba                abs
 .text          0x0000000000104acb       0x8f binaries/atoi.o
                0x0000000000104acb                atoi
 .text          0x0000000000104b5a       0x8f binaries/atol.o
                0x0000000000104b5a                atol
 .text          0x0000000000104be9       0x32 binaries/bzero.o
                0x0000000000104be9                bzero
 .text          0x0000000000104c1b        0x0 binaries/ctype_.o
 .text          0x0000000000104c1b      0x8ed binaries/doprnt.o
                0x0000000000104c1b                _doprnt
 .text          0x0000000000105508      0x66b binaries/doscan.o
                0x0000000000105508                _doscan
 .text          0x0000000000105b73      0x716 binaries/fdoprnt.o
                0x0000000000105b73                _fdoprnt
 .text          0x0000000000106289       0x29 binaries/fgetc.o
                0x0000000000106289                fgetc
 .text          0x00000000001062b2       0x75 binaries/fgets.o
                0x00000000001062b2                fgets
 .text          0x0000000000106327       0x2a binaries/fprintf.o
                0x0000000000106327                fprintf
 .text          0x0000000000106351       0x2c binaries/fputc.o
                0x0000000000106351                fputc
 .text          0x000000000010637d       0x43 binaries/fputs.o
                0x000000000010637d                fputs
 .text          0x00000000001063c0       0x8a binaries/fscanf.o
                0x00000000001063c0                fscanf
 .text          0x000000000010644a       0x2c binaries/getchar.o
                0x000000000010644a                getchar
 .text          0x0000000000106476       0x11 binaries/labs.o
                0x0000000000106476                labs
 .text          0x0000000000106487        0x0 binaries/memchr.o
 .text          0x0000000000106487       0x51 binaries/memcmp.o
                0x0000000000106487                memcmp
 .text          0x00000000001064d8       0x3f binaries/memcpy.o
                0x00000000001064d8                memcpy
 .text          0x0000000000106517       0x30 binaries/memset.o
                0x0000000000106517                memset
 .text          0x0000000000106547       0x42 binaries/printf.o
                0x0000000000106547                printf
 .text          0x0000000000106589       0x2f binaries/putchar.o
                0x0000000000106589                putchar
 .text          0x00000000001065b8      0x281 binaries/qsort.o
                0x00000000001065b8                qsort
 .text          0x0000000000106839       0x64 binaries/rand.o
                0x0000000000106839                rand
                0x0000000000106851                rand_r
                0x000000000010688f                srand
 .text          0x000000000010689d       0x66 binaries/sprintf.o
                0x000000000010689d                sprintf
 .text          0x0000000000106903       0x70 binaries/sscanf.o
                0x0000000000106903                sscanf
 .text          0x0000000000106973       0x3c binaries/strchr.o
                0x0000000000106973                strchr
 .text          0x00000000001069af       0x45 binaries/strcmp.o
                0x00000000001069af                strcmp
 .text          0x00000000001069f4       0x27 binaries/strcpy.o
                0x00000000001069f4                strcpy
 .text          0x0000000000106a1b       0x26 binaries/strlen.o
                0x0000000000106a1b                strlen
 .text          0x0000000000106a41       0x56 binaries/strncat.o
                0x0000000000106a41                strncat
 .text          0x0000000000106a97       0x5f binaries/strncmp.o
                0x0000000000106a97                strncmp
 .text          0x0000000000106af6       0x4f binaries/strncpy.o
                0x0000000000106af6                strncpy
 .text          0x0000000000106b45       0x2e binaries/strnlen.o
                0x0000000000106b45                strnlen
 .text          0x0000000000106b73       0x45 binaries/strrchr.o
                0x0000000000106b73                strrchr
 .text          0x0000000000106bb8       0x6e binaries/strstr.o
                0x0000000000106bb8                strstr
 .text          0x0000000000106c26       0xe4 binaries/ttycontrol.o
                0x0000000000106c26                ttycontrol
 .text          0x0000000000106d0a       0x97 binaries/ttygetc.o
                0x0000000000106d0a                ttygetc
 .text          0x0000000000106da1      0x6f7 binaries/ttyhandle_in.o
                0x0000000000106da1                ttyhandle_in
 .text          0x0000000000107498      0x1b3 binaries/ttyhandle_out.o
                0x0000000000107498                ttyhandle_out
 .text          0x000000000010764b       0xce binaries/ttyhandler.o
                0x000000000010764b                ttyhandler
 .text          0x0000000000107719      0x22f binaries/ttyinit.o
                0x0000000000107719                ttyinit
 .text          0x0000000000107948       0x1b binaries/ttykickout.o
                0x0000000000107948                ttykickout
 .text          0x0000000000107963       0xb7 binaries/ttyputc.o
                0x0000000000107963                ttyputc
 .text          0x0000000000107a1a      0x11b binaries/ttyread.o
                0x0000000000107a1a                ttyread
 .text          0x0000000000107b35       0x4d binaries/ttywrite.o
                0x0000000000107b35                ttywrite
 .text          0x0000000000107b82      0x14b binaries/mount.o
                0x0000000000107b82                mount
                0x0000000000107c97                namlen
 .text          0x0000000000107ccd      0x1eb binaries/naminit.o
                0x0000000000107ccd                naminit
 .text          0x0000000000107eb8      0x212 binaries/nammap.o
                0x0000000000107eb8                nammap
                0x0000000000107f43                namrepl
                0x000000000010807a                namcpy
 .text          0x00000000001080ca       0x4e binaries/namopen.o
                0x00000000001080ca                namopen
 .text          0x0000000000108118      0xec6 binaries/82545EMInit.o
                0x0000000000108177                _82545EMInit
                0x0000000000108e48                _82545EM_read_phy_reg
                0x0000000000108f0f                _82545EM_write_phy_reg
 .text          0x0000000000108fde      0x244 binaries/ethcontrol.o
                0x000000000010903d                ethcontrol
                0x00000000001091b3                ethIrqDisable
                0x00000000001091e9                ethIrqEnable
 .text          0x0000000000109222      0x254 binaries/ethhandler.o
                0x0000000000109394                ethhandler
 .text          0x0000000000109476      0x126 binaries/ethinit.o
                0x0000000000109476                ethinit
 .text          0x000000000010959c      0x1f5 binaries/ethread.o
                0x00000000001095fb                ethread
 .text          0x0000000000109791      0x1a0 binaries/ethwrite.o
                0x00000000001097f0                ethwrite
 .text          0x0000000000109931       0x9e binaries/rdsbufalloc.o
                0x0000000000109931                rdsbufalloc
 .text          0x00000000001099cf       0xcc binaries/rdsclose.o
                0x00000000001099cf                rdsclose
 .text          0x0000000000109a9b      0x2eb binaries/rdscomm.o
                0x0000000000109a9b                rdscomm
 .text          0x0000000000109d86      0x234 binaries/rdscontrol.o
                0x0000000000109d86                rdscontrol
 .text          0x0000000000109fba      0x1f5 binaries/rdsinit.o
                0x0000000000109fba                rdsinit
 .text          0x000000000010a1af      0x19b binaries/rdsopen.o
                0x000000000010a1af                rdsopen
 .text          0x000000000010a34a      0x461 binaries/rdsprocess.o
                0x000000000010a34a                rdsprocess
 .text          0x000000000010a7ab      0x25b binaries/rdsread.o
                0x000000000010a7ab                rdsread
 .text          0x000000000010aa06      0x1fb binaries/rdswrite.o
                0x000000000010aa06                rdswrite
 .text          0x000000000010ac01        0xa binaries/ramclose.o
                0x000000000010ac01                ramclose
 .text          0x000000000010ac0b       0x3e binaries/raminit.o
                0x000000000010ac0b                raminit
 .text          0x000000000010ac49        0xa binaries/ramopen.o
                0x000000000010ac49                ramopen
 .text          0x000000000010ac53       0x32 binaries/ramread.o
                0x000000000010ac53                ramread
 .text          0x000000000010ac85       0x32 binaries/ramwrite.o
                0x000000000010ac85                ramwrite
 .text          0x000000000010acb7       0x98 binaries/lfdballoc.o
                0x000000000010acb7                lfdballoc
 .text          0x000000000010ad4f       0x58 binaries/lfdbfree.o
                0x000000000010ad4f                lfdbfree
 .text          0x000000000010ada7       0xb6 binaries/lfflush.o
                0x000000000010ada7                lfflush
 .text          0x000000000010ae5d       0xd8 binaries/lfgetmode.o
                0x000000000010ae5d                lfgetmode
 .text          0x000000000010af35       0x68 binaries/lfiballoc.o
                0x000000000010af35                lfiballoc
 .text          0x000000000010af9d       0x3b binaries/lfibclear.o
                0x000000000010af9d                lfibclear
 .text          0x000000000010afd8       0xad binaries/lfibget.o
                0x000000000010afd8                lfibget
 .text          0x000000000010b085       0xdc binaries/lfibput.o
                0x000000000010b085                lfibput
 .text          0x000000000010b161       0xa2 binaries/lflclose.o
                0x000000000010b161                lflclose
 .text          0x000000000010b203       0xd0 binaries/lflcontrol.o
                0x000000000010b203                lflcontrol
 .text          0x000000000010b2d3       0xf2 binaries/lflgetc.o
                0x000000000010b2d3                lflgetc
 .text          0x000000000010b3c5       0xf0 binaries/lflinit.o
                0x000000000010b3c5                lflinit
 .text          0x000000000010b4b5      0x122 binaries/lflputc.o
                0x000000000010b4b5                lflputc
 .text          0x000000000010b5d7       0x70 binaries/lflread.o
                0x000000000010b5d7                lflread
 .text          0x000000000010b647       0xac binaries/lflseek.o
                0x000000000010b647                lflseek
 .text          0x000000000010b6f3       0x55 binaries/lflwrite.o
                0x000000000010b6f3                lflwrite
 .text          0x000000000010b748       0x62 binaries/lfscheck.o
                0x000000000010b748                lfscheck
 .text          0x000000000010b7aa      0x175 binaries/lfsckfmt.o
                0x000000000010b7aa                lfsckfmt
 .text          0x000000000010b91f      0x1af binaries/lfscreate.o
                0x000000000010b91f                lfscreate
 .text          0x000000000010bace      0x27f binaries/lfsetup.o
                0x000000000010bace                lfsetup
 .text          0x000000000010bd4d       0x51 binaries/lfsinit.o
                0x000000000010bd4d                lfsinit
 .text          0x000000000010bd9e      0x3c2 binaries/lfsopen.o
                0x000000000010bd9e                lfsopen
 .text          0x000000000010c160      0x15e binaries/lftruncate.o
                0x000000000010c160                lftruncate
 .text          0x000000000010c2be       0x71 binaries/rflclose.o
                0x000000000010c2be                rflclose
 .text          0x000000000010c32f       0x32 binaries/rflgetc.o
                0x000000000010c32f                rflgetc
 .text          0x000000000010c361       0x78 binaries/rflinit.o
                0x000000000010c361                rflinit
 .text          0x000000000010c3d9       0x33 binaries/rflputc.o
                0x000000000010c3d9                rflputc
 .text          0x000000000010c40c      0x35e binaries/rflread.o
                0x000000000010c40c                rflread
 .text          0x000000000010c76a       0x74 binaries/rflseek.o
                0x000000000010c76a                rflseek
 .text          0x000000000010c7de      0x34d binaries/rflwrite.o
                0x000000000010c7de                rflwrite
 .text          0x000000000010cb2b      0x1e4 binaries/rfscomm.o
                0x000000000010cb2b                rfscomm
 .text          0x000000000010cd0f      0x273 binaries/rfscontrol.o
                0x000000000010cd0f                rfscontrol
 .text          0x000000000010cf82       0xd8 binaries/rfsgetmode.o
                0x000000000010cf82                rfsgetmode
 .text          0x000000000010d05a       0x86 binaries/rfsinit.o
                0x000000000010d05a                rfsinit
 .text          0x000000000010d0e0      0x111 binaries/rfsndmsg.o
                0x000000000010d0e0                rfsndmsg
 .text          0x000000000010d1f1      0x2ab binaries/rfsopen.o
                0x000000000010d1f1                rfsopen
 .text          0x000000000010d49c      0x83b binaries/arp.o
                0x000000000010d49c                arp_init
                0x000000000010d4cf                arp_resolve
                0x000000000010d786                arp_in
                0x000000000010da3d                arp_alloc
                0x000000000010dafd                arp_ntoh
                0x000000000010dbea                arp_hton
 .text          0x000000000010dcd7      0x8e8 binaries/dhcp.o
                0x000000000010dcd7                dhcp_get_opt_val
                0x000000000010dd30                dhcp_bld_bootp_msg
                0x000000000010de3e                dhcp_bld_disc
                0x000000000010df27                dhcp_bld_req
                0x000000000010e099                getlocalip
 .text          0x000000000010e5bf      0x5a0 binaries/dns.o
                0x000000000010e5bf                dnslookup
 .text          0x000000000010eb5f       0xea binaries/dot2ip.o
                0x000000000010eb5f                dot2ip
 .text          0x000000000010ec49      0x4c4 binaries/hexdump.o
                0x000000000010ec49                hexdump
                0x000000000010edf0                hexadump
 .text          0x000000000010f10d      0x8b2 binaries/icmp.o
                0x000000000010f10d                icmp_init
                0x000000000010f144                icmp_in
                0x000000000010f31a                icmp_register
                0x000000000010f415                icmp_recv
                0x000000000010f5a2                icmp_send
                0x000000000010f62a                icmp_mkpkt
                0x000000000010f744                icmp_release
                0x000000000010f842                icmp_cksum
                0x000000000010f8d5                icmp_hton
                0x000000000010f94a                icmp_ntoh
 .text          0x000000000010f9bf      0x8a7 binaries/ip.o
                0x000000000010f9bf                ip_in
                0x000000000010fb43                ip_send
                0x000000000010fc9e                ip_local
                0x000000000010fcea                ip_out
                0x000000000010fe23                ipcksum
                0x000000000010fea9                ip_ntoh
                0x000000000010ff96                ip_hton
                0x0000000000110083                ipout
                0x00000000001101b2                ip_enqueue
 .text          0x0000000000110266      0x2d3 binaries/net.o
                0x0000000000110266                net_init
                0x0000000000110392                netin
                0x000000000011044f                eth_hton
                0x000000000011047a                eth_ntoh
                0x00000000001104a5                getport
 .text          0x0000000000110539     0x147c binaries/pdump.o
                0x0000000000110539                pdump
                0x00000000001112f6                pdumph
 .text          0x00000000001119b5      0x618 binaries/tftp.o
                0x00000000001119b5                tftp_send1
                0x0000000000111b35                tftpget
                0x0000000000111b67                tftpget_mb
 .text          0x0000000000111fcd      0xb81 binaries/udp.o
                0x0000000000111fcd                udp_init
                0x0000000000112002                udp_in
                0x0000000000112144                udp_register
                0x0000000000112280                udp_recv
                0x000000000011241c                udp_recvaddr
                0x00000000001125d0                udp_send
                0x00000000001127b8                udp_sendto
                0x0000000000112969                udp_release
                0x0000000000112a64                udp_ntoh
                0x0000000000112ad9                udp_hton
 .text          0x0000000000112b4e      0x138 binaries/addargs.o
                0x0000000000112b4e                addargs
 .text          0x0000000000112c86      0x2c7 binaries/lexan.o
                0x0000000000112c86                lexan
 .text          0x0000000000112f4d      0x666 binaries/shell.o
                0x0000000000112f4d                shell
 .text          0x00000000001135b3       0x69 binaries/xsh_argecho.o
                0x00000000001135b3                xsh_argecho
 .text          0x000000000011361c      0x279 binaries/xsh_arp.o
                0x000000000011361c                xsh_arp
 .text          0x0000000000113895      0x251 binaries/xsh_cat.o
                0x0000000000113895                xsh_cat
 .text          0x0000000000113ae6       0x59 binaries/xsh_clear.o
                0x0000000000113ae6                xsh_clear
 .text          0x0000000000113b3f      0x2de binaries/xsh_date.o
                0x0000000000113b3f                xsh_date
 .text          0x0000000000113e1d       0xa9 binaries/xsh_devdump.o
                0x0000000000113e1d                xsh_devdump
 .text          0x0000000000113ec6       0x72 binaries/xsh_echo.o
                0x0000000000113ec6                xsh_echo
 .text          0x0000000000113f38        0xa binaries/xsh_exit.o
                0x0000000000113f38                xsh_exit
 .text          0x0000000000113f42      0x37f binaries/xsh_help.o
                0x0000000000113f42                xsh_help
 .text          0x00000000001142c1      0x230 binaries/xsh_kill.o
                0x00000000001142c1                xsh_kill
 .text          0x00000000001144f1      0x525 binaries/xsh_memdump.o
                0x00000000001144f1                xsh_memdump
 .text          0x0000000000114a16      0x29b binaries/xsh_memstat.o
                0x0000000000114a16                xsh_memstat
 .text          0x0000000000114cb1      0x4f9 binaries/xsh_netinfo.o
                0x0000000000114cb1                xsh_netinfo
 .text          0x00000000001151aa      0x462 binaries/xsh_ping.o
                0x00000000001151aa                xsh_ping
 .text          0x000000000011560c      0x217 binaries/xsh_ps.o
                0x000000000011560c                xsh_ps
 .text          0x0000000000115823      0x20c binaries/xsh_sleep.o
                0x0000000000115823                xsh_sleep
 .text          0x0000000000115a2f      0x270 binaries/xsh_udpdump.o
                0x0000000000115a2f                xsh_udpdump
 .text          0x0000000000115c9f      0x48e binaries/xsh_udpecho.o
                0x0000000000115c9f                xsh_udpecho
 .text          0x000000000011612d      0x296 binaries/xsh_udpserver.o
                0x000000000011612d                xsh_udpeserver
 .text          0x00000000001163c3      0x1e9 binaries/xsh_uptime.o
                0x00000000001163c3                xsh_uptime
 .text          0x00000000001165ac        0xe binaries/clkdisp.o
                0x00000000001165ac                clkdisp
 .text          0x00000000001165ba       0x19 binaries/ctxsw.o
                0x00000000001165ba                ctxsw
 .text          0x00000000001165d3      0x368 binaries/intr.o
                0x00000000001165d3                disable
                0x00000000001165dc                restore
                0x00000000001165ea                enable
                0x00000000001165ec                pause
                0x00000000001165f3                halt
                0x00000000001165f6                spurious_irq7
                0x00000000001165fb                spurious_irq15
                0x000000000011660a                _Xint0
                0x0000000000116615                _Xint1
                0x0000000000116620                _Xint2
                0x000000000011662b                _Xint3
                0x0000000000116636                _Xint4
                0x0000000000116641                _Xint5
                0x000000000011664c                _Xint6
                0x0000000000116657                _Xint7
                0x0000000000116662                _Xint8
                0x000000000011666d                _Xint9
                0x0000000000116678                _Xint10
                0x0000000000116683                _Xint11
                0x0000000000116691                _Xint12
                0x000000000011669f                _Xint13
                0x00000000001166ad                _Xint14
                0x00000000001166bb                _Xint15
                0x00000000001166c9                _Xint16
                0x00000000001166d7                _Xint17
                0x00000000001166e5                _Xint18
                0x00000000001166f3                _Xint19
                0x0000000000116701                _Xint20
                0x000000000011670f                _Xint21
                0x000000000011671d                _Xint22
                0x000000000011672b                _Xint23
                0x0000000000116739                _Xint24
                0x0000000000116747                _Xint25
                0x0000000000116755                _Xint26
                0x0000000000116763                _Xint27
                0x0000000000116771                _Xint28
                0x000000000011677f                _Xint29
                0x000000000011678d                _Xint30
                0x000000000011679b                _Xint31
                0x00000000001167a9                _Xint32
                0x00000000001167b7                _Xint33
                0x00000000001167c5                _Xint34
                0x00000000001167d3                _Xint35
                0x00000000001167e1                _Xint36
                0x00000000001167ef                _Xint37
                0x00000000001167fd                _Xint38
                0x000000000011680b                _Xint39
                0x0000000000116819                _Xint40
                0x0000000000116827                _Xint41
                0x0000000000116835                _Xint42
                0x0000000000116843                _Xint43
                0x0000000000116851                _Xint44
                0x000000000011685f                _Xint45
                0x000000000011686d                _Xint46
                0x000000000011687b                defevec
 .text          0x000000000011693b        0xf binaries/ttydispatch.o
                0x000000000011693b                ttydispatch
 .text          0x000000000011694a       0x13 binaries/ethdispatch.o
                0x000000000011694a                ethdispatch
 *(.rodata .rodata.*)
 *fill*         0x000000000011695d        0x3 
 .rodata        0x0000000000116960       0x8e binaries/ascdate.o
 .rodata        0x00000000001169ee       0xae binaries/conf.o
 .rodata        0x0000000000116a9c      0x22f binaries/evec.o
 *fill*         0x0000000000116ccb        0x1 
 .rodata        0x0000000000116ccc       0x61 binaries/getutime.o
 *fill*         0x0000000000116d2d        0x3 
 .rodata        0x0000000000116d30       0x90 binaries/i386.o
 .rodata        0x0000000000116dc0      0x180 binaries/initialize.o
 .rodata        0x0000000000116f40       0x20 binaries/kill.o
 .rodata        0x0000000000116f60       0x91 binaries/main.o
 .rodata        0x0000000000116ff1        0xf binaries/panic.o
 .rodata        0x0000000000117000      0x1ec binaries/pci.o
 .rodata        0x00000000001171ec       0x1d binaries/ptinit.o
 *fill*         0x0000000000117209        0x3 
 .rodata        0x000000000011720c       0x25 binaries/ptsend.o
 .rodata        0x0000000000117231        0x3 binaries/ready.o
 .rodata        0x0000000000117234        0x4 binaries/resched.o
 .rodata        0x0000000000117238       0xb7 binaries/stacktrace.o
 *fill*         0x00000000001172ef        0x1 
 .rodata        0x00000000001172f0       0x27 binaries/xdone.o
 *fill*         0x0000000000117317        0x9 
 .rodata        0x0000000000117320       0x81 binaries/ctype_.o
                0x0000000000117320                _ctype_
 *fill*         0x00000000001173a1        0x3 
 .rodata        0x00000000001173a4       0xee binaries/doprnt.o
 *fill*         0x0000000000117492        0x2 
 .rodata        0x0000000000117494       0x98 binaries/doscan.o
 .rodata        0x000000000011752c       0xae binaries/fdoprnt.o
 *fill*         0x00000000001175da        0x2 
 .rodata        0x00000000001175dc       0x20 binaries/ttycontrol.o
 .rodata        0x00000000001175fc       0x34 binaries/ttyhandler.o
 .rodata        0x0000000000117630       0x80 binaries/naminit.o
 .rodata        0x00000000001176b0       0x2e binaries/82545EMInit.o
 *fill*         0x00000000001176de        0x2 
 .rodata        0x00000000001176e0       0x78 binaries/ethinit.o
 .rodata        0x0000000000117758       0x18 binaries/ethread.o
 .rodata        0x0000000000117770       0x2c binaries/rdsbufalloc.o
 .rodata        0x000000000011779c       0x76 binaries/rdscomm.o
 *fill*         0x0000000000117812        0x2 
 .rodata        0x0000000000117814       0x48 binaries/rdscontrol.o
 .rodata        0x000000000011785c       0x96 binaries/rdsinit.o
 *fill*         0x00000000001178f2        0x2 
 .rodata        0x00000000001178f4       0x22 binaries/rdsopen.o
 *fill*         0x0000000000117916        0x2 
 .rodata        0x0000000000117918       0x4d binaries/rdsprocess.o
 .rodata        0x0000000000117965        0x9 binaries/raminit.o
 *fill*         0x000000000011796e        0x2 
 .rodata        0x0000000000117970       0x37 binaries/lfdballoc.o
 .rodata        0x00000000001179a7       0x14 binaries/lfiballoc.o
 *fill*         0x00000000001179bb        0x1 
 .rodata        0x00000000001179bc       0x23 binaries/lflcontrol.o
 *fill*         0x00000000001179df        0x1 
 .rodata        0x00000000001179e0      0x11b binaries/lfsckfmt.o
 *fill*         0x0000000000117afb        0x1 
 .rodata        0x0000000000117afc       0x2a binaries/lfsopen.o
 *fill*         0x0000000000117b26        0x2 
 .rodata        0x0000000000117b28       0x21 binaries/rflread.o
 *fill*         0x0000000000117b49        0x3 
 .rodata        0x0000000000117b4c       0x21 binaries/rflwrite.o
 *fill*         0x0000000000117b6d        0x3 
 .rodata        0x0000000000117b70       0x75 binaries/rfscomm.o
 *fill*         0x0000000000117be5        0x3 
 .rodata        0x0000000000117be8       0x3c binaries/rfscontrol.o
 .rodata        0x0000000000117c24       0x63 binaries/rfsinit.o
 *fill*         0x0000000000117c87        0x1 
 .rodata        0x0000000000117c88       0x2a binaries/rfsndmsg.o
 *fill*         0x0000000000117cb2        0x2 
 .rodata        0x0000000000117cb4       0x22 binaries/rfsopen.o
 *fill*         0x0000000000117cd6        0x2 
 .rodata        0x0000000000117cd8       0x3a binaries/arp.o
 *fill*         0x0000000000117d12        0x2 
 .rodata        0x0000000000117d14       0xcf binaries/dhcp.o
 .rodata        0x0000000000117de3       0x1a binaries/dns.o
 *fill*         0x0000000000117dfd        0x3 
 .rodata        0x0000000000117e00       0xc9 binaries/hexdump.o
 *fill*         0x0000000000117ec9        0x3 
 .rodata        0x0000000000117ecc       0x29 binaries/icmp.o
 *fill*         0x0000000000117ef5        0x3 
 .rodata        0x0000000000117ef8       0x6e binaries/ip.o
 *fill*         0x0000000000117f66        0x2 
 .rodata        0x0000000000117f68       0x4f binaries/net.o
 *fill*         0x0000000000117fb7        0x1 
 .rodata        0x0000000000117fb8      0x26f binaries/pdump.o
 *fill*         0x0000000000118227        0x1 
 .rodata        0x0000000000118228      0x154 binaries/tftp.o
 *fill*         0x000000000011837c        0x4 
 .rodata        0x0000000000118380      0x3c1 binaries/shell.o
                0x0000000000118400                cmdtab
 .rodata        0x0000000000118741       0x28 binaries/xsh_argecho.o
 *fill*         0x0000000000118769        0x3 
 .rodata        0x000000000011876c      0x123 binaries/xsh_arp.o
 *fill*         0x000000000011888f        0x1 
 .rodata        0x0000000000118890       0xc9 binaries/xsh_cat.o
 .rodata        0x0000000000118959       0x19 binaries/xsh_clear.o
 *fill*         0x0000000000118972        0x2 
 .rodata        0x0000000000118974      0x1c3 binaries/xsh_date.o
 .rodata        0x0000000000118b37       0x5d binaries/xsh_devdump.o
 .rodata        0x0000000000118b94        0x9 binaries/xsh_echo.o
 *fill*         0x0000000000118b9d        0x3 
 .rodata        0x0000000000118ba0      0x169 binaries/xsh_help.o
 *fill*         0x0000000000118d09        0x3 
 .rodata        0x0000000000118d0c      0x12e binaries/xsh_kill.o
 *fill*         0x0000000000118e3a        0x2 
 .rodata        0x0000000000118e3c      0x266 binaries/xsh_memdump.o
 *fill*         0x00000000001190a2        0x2 
 .rodata        0x00000000001190a4      0x225 binaries/xsh_memstat.o
 *fill*         0x00000000001192c9        0x3 
 .rodata        0x00000000001192cc      0x1b0 binaries/xsh_netinfo.o
 .rodata        0x000000000011947c      0x1a1 binaries/xsh_ping.o
 *fill*         0x000000000011961d        0x3 
 .rodata        0x0000000000119620      0x1e0 binaries/xsh_ps.o
 .rodata        0x0000000000119800       0xeb binaries/xsh_sleep.o
 *fill*         0x00000000001198eb        0x1 
 .rodata        0x00000000001198ec      0x1b8 binaries/xsh_udpdump.o
 .rodata        0x0000000000119aa4      0x215 binaries/xsh_udpecho.o
 *fill*         0x0000000000119cb9        0x3 
 .rodata        0x0000000000119cbc      0x12b binaries/xsh_udpserver.o
 *fill*         0x0000000000119de7        0x1 
 .rodata        0x0000000000119de8      0x105 binaries/xsh_uptime.o
                0x0000000000119eed                etext = ABSOLUTE (.)
                0x000000000011a000                . = ALIGN (0x1000)
 *fill*         0x0000000000119eed      0x113 

.eh_frame       0x000000000011a000     0x2cd0
 .eh_frame      0x000000000011a000       0x38 binaries/ascdate.o
 .eh_frame      0x000000000011a038       0x20 binaries/bufinit.o
                                         0x38 (size before relaxing)
 .eh_frame      0x000000000011a058       0x20 binaries/chprio.o
                                         0x38 (size before relaxing)
 .eh_frame      0x000000000011a078       0x20 binaries/clkhandler.o
                                         0x38 (size before relaxing)
 .eh_frame      0x000000000011a098       0x20 binaries/clkinit.o
                                         0x38 (size before relaxing)
 .eh_frame      0x000000000011a0b8       0x20 binaries/close.o
                                         0x38 (size before relaxing)
 .eh_frame      0x000000000011a0d8       0x20 binaries/control.o
                                         0x38 (size before relaxing)
 .eh_frame      0x000000000011a0f8       0x40 binaries/create.o
                                         0x58 (size before relaxing)
 .eh_frame      0x000000000011a138       0x60 binaries/evec.o
                                         0x78 (size before relaxing)
 .eh_frame      0x000000000011a198       0x20 binaries/exit.o
                                         0x38 (size before relaxing)
 .eh_frame      0x000000000011a1b8       0x20 binaries/freebuf.o
                                         0x38 (size before relaxing)
 .eh_frame      0x000000000011a1d8       0x20 binaries/freemem.o
                                         0x38 (size before relaxing)
 .eh_frame      0x000000000011a1f8       0x20 binaries/getbuf.o
                                         0x38 (size before relaxing)
 .eh_frame      0x000000000011a218       0x20 binaries/getc.o
                                         0x38 (size before relaxing)
 .eh_frame      0x000000000011a238       0x20 binaries/getdev.o
                                         0x38 (size before relaxing)
 .eh_frame      0x000000000011a258       0x60 binaries/getitem.o
                                         0x78 (size before relaxing)
 .eh_frame      0x000000000011a2b8       0x20 binaries/getmem.o
                                         0x38 (size before relaxing)
 .eh_frame      0x000000000011a2d8       0x20 binaries/getpid.o
                                         0x38 (size before relaxing)
 .eh_frame      0x000000000011a2f8       0x20 binaries/getprio.o
                                         0x38 (size before relaxing)
 .eh_frame      0x000000000011a318       0x20 binaries/getstk.o
                                         0x38 (size before relaxing)
 .eh_frame      0x000000000011a338       0x20 binaries/getticks.o
                                         0x38 (size before relaxing)
 .eh_frame      0x000000000011a358       0x20 binaries/gettime.o
                                         0x38 (size before relaxing)
 .eh_frame      0x000000000011a378       0x20 binaries/getutime.o
                                         0x38 (size before relaxing)
 .eh_frame      0x000000000011a398       0x8c binaries/i386.o
                                         0xa4 (size before relaxing)
 .eh_frame      0x000000000011a424       0x20 binaries/init.o
                                         0x38 (size before relaxing)
 .eh_frame      0x000000000011a444       0xa0 binaries/initialize.o
                                         0xb8 (size before relaxing)
 .eh_frame      0x000000000011a4e4       0x20 binaries/insert.o
                                         0x38 (size before relaxing)
 .eh_frame      0x000000000011a504       0x20 binaries/insertd.o
                                         0x38 (size before relaxing)
 .eh_frame      0x000000000011a524       0x20 binaries/ioerr.o
                                         0x38 (size before relaxing)
 .eh_frame      0x000000000011a544       0x20 binaries/ionull.o
                                         0x38 (size before relaxing)
 .eh_frame      0x000000000011a564       0x20 binaries/kill.o
                                         0x38 (size before relaxing)
 .eh_frame      0x000000000011a584       0x60 binaries/kprintf.o
                                         0x78 (size before relaxing)
 .eh_frame      0x000000000011a5e4       0x54 binaries/main.o
                                         0x6c (size before relaxing)
 .eh_frame      0x000000000011a638       0x40 binaries/mark.o
                                         0x58 (size before relaxing)
 .eh_frame      0x000000000011a678       0x20 binaries/meminit.o
                                         0x38 (size before relaxing)
 .eh_frame      0x000000000011a698       0x20 binaries/mkbufpool.o
                                         0x38 (size before relaxing)
 .eh_frame      0x000000000011a6b8       0x20 binaries/newqueue.o
                                         0x38 (size before relaxing)
 .eh_frame      0x000000000011a6d8       0x20 binaries/open.o
                                         0x38 (size before relaxing)
 .eh_frame      0x000000000011a6f8       0x1c binaries/panic.o
                                         0x34 (size before relaxing)
 .eh_frame      0x000000000011a714      0x1c8 binaries/pci.o
                                        0x1e0 (size before relaxing)
 .eh_frame      0x000000000011a8dc       0x20 binaries/ptclear.o
                                         0x38 (size before relaxing)
 .eh_frame      0x000000000011a8fc       0x20 binaries/ptcount.o
                                         0x38 (size before relaxing)
 .eh_frame      0x000000000011a91c       0x20 binaries/ptcreate.o
                                         0x38 (size before relaxing)
 .eh_frame      0x000000000011a93c       0x20 binaries/ptdelete.o
                                         0x38 (size before relaxing)
 .eh_frame      0x000000000011a95c       0x20 binaries/ptinit.o
                                         0x38 (size before relaxing)
 .eh_frame      0x000000000011a97c       0x20 binaries/ptrecv.o
                                         0x38 (size before relaxing)
 .eh_frame      0x000000000011a99c       0x20 binaries/ptreset.o
                                         0x38 (size before relaxing)
 .eh_frame      0x000000000011a9bc       0x20 binaries/ptsend.o
                                         0x38 (size before relaxing)
 .eh_frame      0x000000000011a9dc       0x20 binaries/putc.o
                                         0x38 (size before relaxing)
 .eh_frame      0x000000000011a9fc       0x40 binaries/queue.o
                                         0x58 (size before relaxing)
 .eh_frame      0x000000000011aa3c       0x20 binaries/read.o
                                         0x38 (size before relaxing)
 .eh_frame      0x000000000011aa5c       0x24 binaries/ready.o
                                         0x3c (size before relaxing)
 .eh_frame      0x000000000011aa80       0x20 binaries/receive.o
                                         0x38 (size before relaxing)
 .eh_frame      0x000000000011aaa0       0x20 binaries/recvclr.o
                                         0x38 (size before relaxing)
 .eh_frame      0x000000000011aac0       0x20 binaries/recvtime.o
                                         0x38 (size before relaxing)
 .eh_frame      0x000000000011aae0       0xc0 binaries/resched.o
                                         0xd8 (size before relaxing)
 .eh_frame      0x000000000011aba0       0x20 binaries/resume.o
                                         0x38 (size before relaxing)
 .eh_frame      0x000000000011abc0       0x20 binaries/seek.o
                                         0x38 (size before relaxing)
 .eh_frame      0x000000000011abe0       0x20 binaries/semcount.o
                                         0x38 (size before relaxing)
 .eh_frame      0x000000000011ac00       0x40 binaries/semcreate.o
                                         0x58 (size before relaxing)
 .eh_frame      0x000000000011ac40       0x20 binaries/semdelete.o
                                         0x38 (size before relaxing)
 .eh_frame      0x000000000011ac60       0x20 binaries/semreset.o
                                         0x38 (size before relaxing)
 .eh_frame      0x000000000011ac80       0x20 binaries/send.o
                                         0x38 (size before relaxing)
 .eh_frame      0x000000000011aca0       0x20 binaries/signal.o
                                         0x38 (size before relaxing)
 .eh_frame      0x000000000011acc0       0x20 binaries/signaln.o
                                         0x38 (size before relaxing)
 .eh_frame      0x000000000011ace0       0x40 binaries/sleep.o
                                         0x58 (size before relaxing)
 .eh_frame      0x000000000011ad20       0x20 binaries/stacktrace.o
                                         0x38 (size before relaxing)
 .eh_frame      0x000000000011ad40       0x20 binaries/suspend.o
                                         0x38 (size before relaxing)
 .eh_frame      0x000000000011ad60       0x20 binaries/unsleep.o
                                         0x38 (size before relaxing)
 .eh_frame      0x000000000011ad80       0x20 binaries/userret.o
                                         0x38 (size before relaxing)
 .eh_frame      0x000000000011ada0       0x20 binaries/wait.o
                                         0x38 (size before relaxing)
 .eh_frame      0x000000000011adc0       0x20 binaries/wakeup.o
                                         0x38 (size before relaxing)
 .eh_frame      0x000000000011ade0       0x20 binaries/write.o
                                         0x38 (size before relaxing)
 .eh_frame      0x000000000011ae00       0x20 binaries/xdone.o
                                         0x38 (size before relaxing)
 .eh_frame      0x000000000011ae20       0x20 binaries/yield.o
                                         0x38 (size before relaxing)
 .eh_frame      0x000000000011ae40       0x20 binaries/abs.o
                                         0x38 (size before relaxing)
 .eh_frame      0x000000000011ae60       0x20 binaries/atoi.o
                                         0x38 (size before relaxing)
 .eh_frame      0x000000000011ae80       0x20 binaries/atol.o
                                         0x38 (size before relaxing)
 .eh_frame      0x000000000011aea0       0x20 binaries/bzero.o
                                         0x38 (size before relaxing)
 .eh_frame      0x000000000011aec0       0xe0 binaries/doprnt.o
                                         0xf8 (size before relaxing)
 .eh_frame      0x000000000011afa0       0xac binaries/doscan.o
                                         0xc4 (size before relaxing)
 .eh_frame      0x000000000011b04c       0xc0 binaries/fdoprnt.o
                                         0xd8 (size before relaxing)
 .eh_frame      0x000000000011b10c       0x20 binaries/fgetc.o
                                         0x38 (size before relaxing)
 .eh_frame      0x000000000011b12c       0x20 binaries/fgets.o
                                         0x38 (size before relaxing)
 .eh_frame      0x000000000011b14c       0x20 binaries/fprintf.o
                                         0x38 (size before relaxing)
 .eh_frame      0x000000000011b16c       0x20 binaries/fputc.o
                                         0x38 (size before relaxing)
 .eh_frame      0x000000000011b18c       0x20 binaries/fputs.o
                                         0x38 (size before relaxing)
 .eh_frame      0x000000000011b1ac       0x60 binaries/fscanf.o
                                         0x78 (size before relaxing)
 .eh_frame      0x000000000011b20c       0x20 binaries/getchar.o
                                         0x38 (size before relaxing)
 .eh_frame      0x000000000011b22c       0x20 binaries/labs.o
                                         0x38 (size before relaxing)
 .eh_frame      0x000000000011b24c       0x20 binaries/memcmp.o
                                         0x38 (size before relaxing)
 .eh_frame      0x000000000011b26c       0x24 binaries/memcpy.o
                                         0x3c (size before relaxing)
 .eh_frame      0x000000000011b290       0x24 binaries/memset.o
                                         0x3c (size before relaxing)
 .eh_frame      0x000000000011b2b4       0x20 binaries/printf.o
                                         0x38 (size before relaxing)
 .eh_frame      0x000000000011b2d4       0x20 binaries/putchar.o
                                         0x38 (size before relaxing)
 .eh_frame      0x000000000011b2f4       0xa4 binaries/qsort.o
                                         0xbc (size before relaxing)
 .eh_frame      0x000000000011b398       0x60 binaries/rand.o
                                         0x78 (size before relaxing)
 .eh_frame      0x000000000011b3f8       0x40 binaries/sprintf.o
                                         0x58 (size before relaxing)
 .eh_frame      0x000000000011b438       0x60 binaries/sscanf.o
                                         0x78 (size before relaxing)
 .eh_frame      0x000000000011b498       0x20 binaries/strchr.o
                                         0x38 (size before relaxing)
 .eh_frame      0x000000000011b4b8       0x20 binaries/strcmp.o
                                         0x38 (size before relaxing)
 .eh_frame      0x000000000011b4d8       0x20 binaries/strcpy.o
                                         0x38 (size before relaxing)
 .eh_frame      0x000000000011b4f8       0x20 binaries/strlen.o
                                         0x38 (size before relaxing)
 .eh_frame      0x000000000011b518       0x20 binaries/strncat.o
                                         0x38 (size before relaxing)
 .eh_frame      0x000000000011b538       0x20 binaries/strncmp.o
                                         0x38 (size before relaxing)
 .eh_frame      0x000000000011b558       0x28 binaries/strncpy.o
                                         0x40 (size before relaxing)
 .eh_frame      0x000000000011b580       0x20 binaries/strnlen.o
                                         0x38 (size before relaxing)
 .eh_frame      0x000000000011b5a0       0x20 binaries/strrchr.o
                                         0x38 (size before relaxing)
 .eh_frame      0x000000000011b5c0       0x20 binaries/strstr.o
                                         0x38 (size before relaxing)
 .eh_frame      0x000000000011b5e0       0x20 binaries/ttycontrol.o
                                         0x38 (size before relaxing)
 .eh_frame      0x000000000011b600       0x20 binaries/ttygetc.o
                                         0x38 (size before relaxing)
 .eh_frame      0x000000000011b620       0x80 binaries/ttyhandle_in.o
                                         0x98 (size before relaxing)
 .eh_frame      0x000000000011b6a0       0x20 binaries/ttyhandle_out.o
                                         0x38 (size before relaxing)
 .eh_frame      0x000000000011b6c0       0x20 binaries/ttyhandler.o
                                         0x38 (size before relaxing)
 .eh_frame      0x000000000011b6e0       0x20 binaries/ttyinit.o
                                         0x38 (size before relaxing)
 .eh_frame      0x000000000011b700       0x20 binaries/ttykickout.o
                                         0x38 (size before relaxing)
 .eh_frame      0x000000000011b720       0x20 binaries/ttyputc.o
                                         0x38 (size before relaxing)
 .eh_frame      0x000000000011b740       0x24 binaries/ttyread.o
                                         0x3c (size before relaxing)
 .eh_frame      0x000000000011b764       0x20 binaries/ttywrite.o
                                         0x38 (size before relaxing)
 .eh_frame      0x000000000011b784       0x40 binaries/mount.o
                                         0x58 (size before relaxing)
 .eh_frame      0x000000000011b7c4       0x20 binaries/naminit.o
                                         0x38 (size before relaxing)
 .eh_frame      0x000000000011b7e4       0x60 binaries/nammap.o
                                         0x78 (size before relaxing)
 .eh_frame      0x000000000011b844       0x20 binaries/namopen.o
                                         0x38 (size before relaxing)
 .eh_frame      0x000000000011b864      0x150 binaries/82545EMInit.o
                                        0x168 (size before relaxing)
 .eh_frame      0x000000000011b9b4       0xa0 binaries/ethcontrol.o
                                         0xb8 (size before relaxing)
 .eh_frame      0x000000000011ba54       0x80 binaries/ethhandler.o
                                         0x98 (size before relaxing)
 .eh_frame      0x000000000011bad4       0x20 binaries/ethinit.o
                                         0x38 (size before relaxing)
 .eh_frame      0x000000000011baf4       0x60 binaries/ethread.o
                                         0x78 (size before relaxing)
 .eh_frame      0x000000000011bb54       0x60 binaries/ethwrite.o
                                         0x78 (size before relaxing)
 .eh_frame      0x000000000011bbb4       0x20 binaries/rdsbufalloc.o
                                         0x38 (size before relaxing)
 .eh_frame      0x000000000011bbd4       0x20 binaries/rdsclose.o
                                         0x38 (size before relaxing)
 .eh_frame      0x000000000011bbf4       0x20 binaries/rdscomm.o
                                         0x38 (size before relaxing)
 .eh_frame      0x000000000011bc14       0x20 binaries/rdscontrol.o
                                         0x38 (size before relaxing)
 .eh_frame      0x000000000011bc34       0x20 binaries/rdsinit.o
                                         0x38 (size before relaxing)
 .eh_frame      0x000000000011bc54       0x20 binaries/rdsopen.o
                                         0x38 (size before relaxing)
 .eh_frame      0x000000000011bc74       0x1c binaries/rdsprocess.o
                                         0x34 (size before relaxing)
 .eh_frame      0x000000000011bc90       0x20 binaries/rdsread.o
                                         0x38 (size before relaxing)
 .eh_frame      0x000000000011bcb0       0x20 binaries/rdswrite.o
                                         0x38 (size before relaxing)
 .eh_frame      0x000000000011bcd0       0x20 binaries/ramclose.o
                                         0x38 (size before relaxing)
 .eh_frame      0x000000000011bcf0       0x20 binaries/raminit.o
                                         0x38 (size before relaxing)
 .eh_frame      0x000000000011bd10       0x20 binaries/ramopen.o
                                         0x38 (size before relaxing)
 .eh_frame      0x000000000011bd30       0x20 binaries/ramread.o
                                         0x38 (size before relaxing)
 .eh_frame      0x000000000011bd50       0x20 binaries/ramwrite.o
                                         0x38 (size before relaxing)
 .eh_frame      0x000000000011bd70       0x20 binaries/lfdballoc.o
                                         0x38 (size before relaxing)
 .eh_frame      0x000000000011bd90       0x20 binaries/lfdbfree.o
                                         0x38 (size before relaxing)
 .eh_frame      0x000000000011bdb0       0x20 binaries/lfflush.o
                                         0x38 (size before relaxing)
 .eh_frame      0x000000000011bdd0       0x20 binaries/lfgetmode.o
                                         0x38 (size before relaxing)
 .eh_frame      0x000000000011bdf0       0x20 binaries/lfiballoc.o
                                         0x38 (size before relaxing)
 .eh_frame      0x000000000011be10       0x20 binaries/lfibclear.o
                                         0x38 (size before relaxing)
 .eh_frame      0x000000000011be30       0x20 binaries/lfibget.o
                                         0x38 (size before relaxing)
 .eh_frame      0x000000000011be50       0x20 binaries/lfibput.o
                                         0x38 (size before relaxing)
 .eh_frame      0x000000000011be70       0x20 binaries/lflclose.o
                                         0x38 (size before relaxing)
 .eh_frame      0x000000000011be90       0x20 binaries/lflcontrol.o
                                         0x38 (size before relaxing)
 .eh_frame      0x000000000011beb0       0x20 binaries/lflgetc.o
                                         0x38 (size before relaxing)
 .eh_frame      0x000000000011bed0       0x20 binaries/lflinit.o
                                         0x38 (size before relaxing)
 .eh_frame      0x000000000011bef0       0x20 binaries/lflputc.o
                                         0x38 (size before relaxing)
 .eh_frame      0x000000000011bf10       0x20 binaries/lflread.o
                                         0x38 (size before relaxing)
 .eh_frame      0x000000000011bf30       0x20 binaries/lflseek.o
                                         0x38 (size before relaxing)
 .eh_frame      0x000000000011bf50       0x20 binaries/lflwrite.o
                                         0x38 (size before relaxing)
 .eh_frame      0x000000000011bf70       0x20 binaries/lfscheck.o
                                         0x38 (size before relaxing)
 .eh_frame      0x000000000011bf90       0x20 binaries/lfsckfmt.o
                                         0x38 (size before relaxing)
 .eh_frame      0x000000000011bfb0       0x20 binaries/lfscreate.o
                                         0x38 (size before relaxing)
 .eh_frame      0x000000000011bfd0       0x20 binaries/lfsetup.o
                                         0x38 (size before relaxing)
 .eh_frame      0x000000000011bff0       0x20 binaries/lfsinit.o
                                         0x38 (size before relaxing)
 .eh_frame      0x000000000011c010       0x20 binaries/lfsopen.o
                                         0x38 (size before relaxing)
 .eh_frame      0x000000000011c030       0x20 binaries/lftruncate.o
                                         0x38 (size before relaxing)
 .eh_frame      0x000000000011c050       0x20 binaries/rflclose.o
                                         0x38 (size before relaxing)
 .eh_frame      0x000000000011c070       0x20 binaries/rflgetc.o
                                         0x38 (size before relaxing)
 .eh_frame      0x000000000011c090       0x20 binaries/rflinit.o
                                         0x38 (size before relaxing)
 .eh_frame      0x000000000011c0b0       0x20 binaries/rflputc.o
                                         0x38 (size before relaxing)
 .eh_frame      0x000000000011c0d0       0x20 binaries/rflread.o
                                         0x38 (size before relaxing)
 .eh_frame      0x000000000011c0f0       0x20 binaries/rflseek.o
                                         0x38 (size before relaxing)
 .eh_frame      0x000000000011c110       0x20 binaries/rflwrite.o
                                         0x38 (size before relaxing)
 .eh_frame      0x000000000011c130       0x20 binaries/rfscomm.o
                                         0x38 (size before relaxing)
 .eh_frame      0x000000000011c150       0x20 binaries/rfscontrol.o
                                         0x38 (size before relaxing)
 .eh_frame      0x000000000011c170       0x20 binaries/rfsgetmode.o
                                         0x38 (size before relaxing)
 .eh_frame      0x000000000011c190       0x20 binaries/rfsinit.o
                                         0x38 (size before relaxing)
 .eh_frame      0x000000000011c1b0       0x20 binaries/rfsndmsg.o
                                         0x38 (size before relaxing)
 .eh_frame      0x000000000011c1d0       0x20 binaries/rfsopen.o
                                         0x38 (size before relaxing)
 .eh_frame      0x000000000011c1f0       0xc0 binaries/arp.o
                                         0xd8 (size before relaxing)
 .eh_frame      0x000000000011c2b0       0xa0 binaries/dhcp.o
                                         0xb8 (size before relaxing)
 .eh_frame      0x000000000011c350       0x80 binaries/dns.o
                                         0x98 (size before relaxing)
 .eh_frame      0x000000000011c3d0       0x20 binaries/dot2ip.o
                                         0x38 (size before relaxing)
 .eh_frame      0x000000000011c3f0       0x40 binaries/hexdump.o
                                         0x58 (size before relaxing)
 .eh_frame      0x000000000011c430      0x14c binaries/icmp.o
                                        0x164 (size before relaxing)
 .eh_frame      0x000000000011c57c      0x11c binaries/ip.o
                                        0x134 (size before relaxing)
 .eh_frame      0x000000000011c698       0xa0 binaries/net.o
                                         0xb8 (size before relaxing)
 .eh_frame      0x000000000011c738       0x60 binaries/pdump.o
                                         0x78 (size before relaxing)
 .eh_frame      0x000000000011c798       0x60 binaries/tftp.o
                                         0x78 (size before relaxing)
 .eh_frame      0x000000000011c7f8      0x140 binaries/udp.o
                                        0x158 (size before relaxing)
 .eh_frame      0x000000000011c938       0x20 binaries/addargs.o
                                         0x38 (size before relaxing)
 .eh_frame      0x000000000011c958       0x20 binaries/lexan.o
                                         0x38 (size before relaxing)
 .eh_frame      0x000000000011c978       0x20 binaries/shell.o
                                         0x38 (size before relaxing)
 .eh_frame      0x000000000011c998       0x20 binaries/xsh_argecho.o
                                         0x38 (size before relaxing)
 .eh_frame      0x000000000011c9b8       0x40 binaries/xsh_arp.o
                                         0x58 (size before relaxing)
 .eh_frame      0x000000000011c9f8       0x20 binaries/xsh_cat.o
                                         0x38 (size before relaxing)
 .eh_frame      0x000000000011ca18       0x20 binaries/xsh_clear.o
                                         0x38 (size before relaxing)
 .eh_frame      0x000000000011ca38       0x20 binaries/xsh_date.o
                                         0x38 (size before relaxing)
 .eh_frame      0x000000000011ca58       0x20 binaries/xsh_devdump.o
                                         0x38 (size before relaxing)
 .eh_frame      0x000000000011ca78       0x20 binaries/xsh_echo.o
                                         0x38 (size before relaxing)
 .eh_frame      0x000000000011ca98       0x20 binaries/xsh_exit.o
                                         0x38 (size before relaxing)
 .eh_frame      0x000000000011cab8       0x20 binaries/xsh_help.o
                                         0x38 (size before relaxing)
 .eh_frame      0x000000000011cad8       0x20 binaries/xsh_kill.o
                                         0x38 (size before relaxing)
 .eh_frame      0x000000000011caf8       0x40 binaries/xsh_memdump.o
                                         0x58 (size before relaxing)
 .eh_frame      0x000000000011cb38       0x60 binaries/xsh_memstat.o
                                         0x78 (size before relaxing)
 .eh_frame      0x000000000011cb98       0x30 binaries/xsh_netinfo.o
                                         0x48 (size before relaxing)
 .eh_frame      0x000000000011cbc8       0x24 binaries/xsh_ping.o
                                         0x3c (size before relaxing)
 .eh_frame      0x000000000011cbec       0x30 binaries/xsh_ps.o
                                         0x48 (size before relaxing)
 .eh_frame      0x000000000011cc1c       0x20 binaries/xsh_sleep.o
                                         0x38 (size before relaxing)
 .eh_frame      0x000000000011cc3c       0x20 binaries/xsh_udpdump.o
                                         0x38 (size before relaxing)
 .eh_frame      0x000000000011cc5c       0x30 binaries/xsh_udpecho.o
                                         0x48 (size before relaxing)
 .eh_frame      0x000000000011cc8c       0x24 binaries/xsh_udpserver.o
                                         0x3c (size before relaxing)
 .eh_frame      0x000000000011ccb0       0x20 binaries/xsh_uptime.o
                                         0x38 (size before relaxing)

.iplt           0x000000000011ccd0        0x0
 .iplt          0x000000000011ccd0        0x0 binaries/start.o

.rel.dyn        0x000000000011ccd0        0x0
 .rel.iplt      0x000000000011ccd0        0x0 binaries/start.o
 .rel.text      0x000000000011ccd0        0x0 binaries/start.o
 .rel.data      0x000000000011ccd0        0x0 binaries/start.o
 .rel.rodata    0x000000000011ccd0        0x0 binaries/start.o

.data           0x000000000011cce0     0x1320
                0x000000000011cce0                data = ABSOLUTE (.)
 *(.data .data.*)
 .data          0x000000000011cce0      0x460 binaries/start.o
                0x000000000011cce0                gdt
                0x000000000011cd20                gdtr
                0x000000000011cd26                idt
                0x000000000011d126                idtr
                0x000000000011d12c                cpudelay
                0x000000000011d130                _bootdev
                0x000000000011d134                _cyloffset
 .data          0x000000000011d140       0x88 binaries/ascdate.o
                0x000000000011d140                Date
 .data          0x000000000011d1c8        0x0 binaries/bufinit.o
 .data          0x000000000011d1c8        0x0 binaries/chprio.o
 .data          0x000000000011d1c8        0x4 binaries/clkhandler.o
 .data          0x000000000011d1cc        0x0 binaries/clkinit.o
 .data          0x000000000011d1cc        0x0 binaries/close.o
 *fill*         0x000000000011d1cc       0x14 
 .data          0x000000000011d1e0      0x5a0 binaries/conf.o
                0x000000000011d1e0                devtab
 .data          0x000000000011d780        0x0 binaries/control.o
 .data          0x000000000011d780        0x4 binaries/create.o
 *fill*         0x000000000011d784       0x1c 
 .data          0x000000000011d7a0       0x40 binaries/evec.o
                0x000000000011d7a0                inames
 .data          0x000000000011d7e0        0x0 binaries/exit.o
 .data          0x000000000011d7e0        0x0 binaries/freebuf.o
 .data          0x000000000011d7e0        0x0 binaries/freemem.o
 .data          0x000000000011d7e0        0x0 binaries/getbuf.o
 .data          0x000000000011d7e0        0x0 binaries/getc.o
 .data          0x000000000011d7e0        0x0 binaries/getdev.o
 .data          0x000000000011d7e0        0x0 binaries/getitem.o
 .data          0x000000000011d7e0        0x0 binaries/getmem.o
 .data          0x000000000011d7e0        0x0 binaries/getpid.o
 .data          0x000000000011d7e0        0x0 binaries/getprio.o
 .data          0x000000000011d7e0        0x0 binaries/getstk.o
 .data          0x000000000011d7e0        0x0 binaries/getticks.o
 .data          0x000000000011d7e0        0x0 binaries/gettime.o
 .data          0x000000000011d7e0        0x0 binaries/getutime.o
 .data          0x000000000011d7e0       0x40 binaries/i386.o
                0x000000000011d7e0                gdt_copy
 .data          0x000000000011d820        0x0 binaries/init.o
 .data          0x000000000011d820        0x0 binaries/initialize.o
 .data          0x000000000011d820        0x0 binaries/insert.o
 .data          0x000000000011d820        0x0 binaries/insertd.o
 .data          0x000000000011d820        0x0 binaries/ioerr.o
 .data          0x000000000011d820        0x0 binaries/ionull.o
 .data          0x000000000011d820        0x0 binaries/kill.o
 .data          0x000000000011d820        0x0 binaries/kprintf.o
 .data          0x000000000011d820        0x0 binaries/main.o
 .data          0x000000000011d820        0x0 binaries/mark.o
 .data          0x000000000011d820        0x0 binaries/meminit.o
 .data          0x000000000011d820        0x0 binaries/mkbufpool.o
 .data          0x000000000011d820        0x2 binaries/newqueue.o
 .data          0x000000000011d822        0x0 binaries/open.o
 .data          0x000000000011d822        0x0 binaries/panic.o
 *fill*         0x000000000011d822        0x2 
 .data          0x000000000011d824       0x10 binaries/pci.o
 .data          0x000000000011d834        0x0 binaries/ptclear.o
 .data          0x000000000011d834        0x0 binaries/ptcount.o
 .data          0x000000000011d834        0x0 binaries/ptcreate.o
 .data          0x000000000011d834        0x0 binaries/ptdelete.o
 .data          0x000000000011d834        0x0 binaries/ptinit.o
 .data          0x000000000011d834        0x0 binaries/ptrecv.o
 .data          0x000000000011d834        0x0 binaries/ptreset.o
 .data          0x000000000011d834        0x0 binaries/ptsend.o
 .data          0x000000000011d834        0x0 binaries/putc.o
 .data          0x000000000011d834        0x0 binaries/queue.o
 .data          0x000000000011d834        0x0 binaries/read.o
 .data          0x000000000011d834        0x0 binaries/ready.o
 .data          0x000000000011d834        0x0 binaries/receive.o
 .data          0x000000000011d834        0x0 binaries/recvclr.o
 .data          0x000000000011d834        0x0 binaries/recvtime.o
 .data          0x000000000011d834        0x2 binaries/resched.o
[...]
 .comment       0x0000000000000034       0x35 binaries/arp.o
 .comment       0x0000000000000034       0x35 binaries/dhcp.o
 .comment       0x0000000000000034       0x35 binaries/dns.o
 .comment       0x0000000000000034       0x35 binaries/dot2ip.o
 .comment       0x0000000000000034       0x35 binaries/hexdump.o
 .comment       0x0000000000000034       0x35 binaries/icmp.o
 .comment       0x0000000000000034       0x35 binaries/ip.o
 .comment       0x0000000000000034       0x35 binaries/net.o
 .comment       0x0000000000000034       0x35 binaries/pdump.o
 .comment       0x0000000000000034       0x35 binaries/tftp.o
 .comment       0x0000000000000034       0x35 binaries/udp.o
 .comment       0x0000000000000034       0x35 binaries/addargs.o
 .comment       0x0000000000000034       0x35 binaries/lexan.o
 .comment       0x0000000000000034       0x35 binaries/shell.o
 .comment       0x0000000000000034       0x35 binaries/xsh_argecho.o
 .comment       0x0000000000000034       0x35 binaries/xsh_arp.o
 .comment       0x0000000000000034       0x35 binaries/xsh_cat.o
 .comment       0x0000000000000034       0x35 binaries/xsh_clear.o
 .comment       0x0000000000000034       0x35 binaries/xsh_date.o
 .comment       0x0000000000000034       0x35 binaries/xsh_devdump.o
 .comment       0x0000000000000034       0x35 binaries/xsh_echo.o
 .comment       0x0000000000000034       0x35 binaries/xsh_exit.o
 .comment       0x0000000000000034       0x35 binaries/xsh_help.o
 .comment       0x0000000000000034       0x35 binaries/xsh_kill.o
 .comment       0x0000000000000034       0x35 binaries/xsh_memdump.o
 .comment       0x0000000000000034       0x35 binaries/xsh_memstat.o
 .comment       0x0000000000000034       0x35 binaries/xsh_netinfo.o
 .comment       0x0000000000000034       0x35 binaries/xsh_ping.o
 .comment       0x0000000000000034       0x35 binaries/xsh_ps.o
 .comment       0x0000000000000034       0x35 binaries/xsh_sleep.o
 .comment       0x0000000000000034       0x35 binaries/xsh_udpdump.o
 .comment       0x0000000000000034       0x35 binaries/xsh_udpecho.o
 .comment       0x0000000000000034       0x35 binaries/xsh_udpserver.o
 .comment       0x0000000000000034       0x35 binaries/xsh_uptime.o

.note.GNU-stack
                0x0000000000000000        0x0
 .note.GNU-stack
                0x0000000000000000        0x0 binaries/ascdate.o
 .note.GNU-stack
                0x0000000000000000        0x0 binaries/bufinit.o
 .note.GNU-stack
                0x0000000000000000        0x0 binaries/chprio.o
 .note.GNU-stack
                0x0000000000000000        0x0 binaries/clkhandler.o
 .note.GNU-stack
                0x0000000000000000        0x0 binaries/clkinit.o
 .note.GNU-stack
                0x0000000000000000        0x0 binaries/close.o
 .note.GNU-stack
                0x0000000000000000        0x0 binaries/conf.o
 .note.GNU-stack
                0x0000000000000000        0x0 binaries/control.o
 .note.GNU-stack
                0x0000000000000000        0x0 binaries/create.o
 .note.GNU-stack
                0x0000000000000000        0x0 binaries/evec.o
 .note.GNU-stack
                0x0000000000000000        0x0 binaries/exit.o
 .note.GNU-stack
                0x0000000000000000        0x0 binaries/freebuf.o
 .note.GNU-stack
                0x0000000000000000        0x0 binaries/freemem.o
 .note.GNU-stack
                0x0000000000000000        0x0 binaries/getbuf.o
 .note.GNU-stack
                0x0000000000000000        0x0 binaries/getc.o
 .note.GNU-stack
                0x0000000000000000        0x0 binaries/getdev.o
 .note.GNU-stack
                0x0000000000000000        0x0 binaries/getitem.o
 .note.GNU-stack
                0x0000000000000000        0x0 binaries/getmem.o
 .note.GNU-stack
                0x0000000000000000        0x0 binaries/getpid.o
 .note.GNU-stack
                0x0000000000000000        0x0 binaries/getprio.o
 .note.GNU-stack
                0x0000000000000000        0x0 binaries/getstk.o
 .note.GNU-stack
                0x0000000000000000        0x0 binaries/getticks.o
 .note.GNU-stack
                0x0000000000000000        0x0 binaries/gettime.o
 .note.GNU-stack
                0x0000000000000000        0x0 binaries/getutime.o
 .note.GNU-stack
                0x0000000000000000        0x0 binaries/i386.o
 .note.GNU-stack
                0x0000000000000000        0x0 binaries/init.o
 .note.GNU-stack
                0x0000000000000000        0x0 binaries/initialize.o
 .note.GNU-stack
                0x0000000000000000        0x0 binaries/insert.o
 .note.GNU-stack
                0x0000000000000000        0x0 binaries/insertd.o
 .note.GNU-stack
                0x0000000000000000        0x0 binaries/ioerr.o
 .note.GNU-stack
                0x0000000000000000        0x0 binaries/ionull.o
 .note.GNU-stack
                0x0000000000000000        0x0 binaries/kill.o
 .note.GNU-stack
                0x0000000000000000        0x0 binaries/kprintf.o
 .note.GNU-stack
                0x0000000000000000        0x0 binaries/main.o
 .note.GNU-stack
                0x0000000000000000        0x0 binaries/mark.o
 .note.GNU-stack
                0x0000000000000000        0x0 binaries/meminit.o
 .note.GNU-stack
                0x0000000000000000        0x0 binaries/mkbufpool.o
 .note.GNU-stack
                0x0000000000000000        0x0 binaries/newqueue.o
 .note.GNU-stack
                0x0000000000000000        0x0 binaries/open.o
 .note.GNU-stack
                0x0000000000000000        0x0 binaries/panic.o
 .note.GNU-stack
                0x0000000000000000        0x0 binaries/pci.o
 .note.GNU-stack
                0x0000000000000000        0x0 binaries/ptclear.o
 .note.GNU-stack
                0x0000000000000000        0x0 binaries/ptcount.o
 .note.GNU-stack
                0x0000000000000000        0x0 binaries/ptcreate.o
 .note.GNU-stack
                0x0000000000000000        0x0 binaries/ptdelete.o
 .note.GNU-stack
                0x0000000000000000        0x0 binaries/ptinit.o
 .note.GNU-stack
                0x0000000000000000        0x0 binaries/ptrecv.o
 .note.GNU-stack
                0x0000000000000000        0x0 binaries/ptreset.o
 .note.GNU-stack
                0x0000000000000000        0x0 binaries/ptsend.o
 .note.GNU-stack
                0x0000000000000000        0x0 binaries/putc.o
 .note.GNU-stack
                0x0000000000000000        0x0 binaries/queue.o
 .note.GNU-stack
                0x0000000000000000        0x0 binaries/read.o
 .note.GNU-stack
                0x0000000000000000        0x0 binaries/ready.o
 .note.GNU-stack
                0x0000000000000000        0x0 binaries/receive.o
 .note.GNU-stack
                0x0000000000000000        0x0 binaries/recvclr.o
 .note.GNU-stack
                0x0000000000000000        0x0 binaries/recvtime.o
 .note.GNU-stack
                0x0000000000000000        0x0 binaries/resched.o
 .note.GNU-stack
                0x0000000000000000        0x0 binaries/resume.o
 .note.GNU-stack
                0x0000000000000000        0x0 binaries/seek.o
 .note.GNU-stack
                0x0000000000000000        0x0 binaries/semcount.o
 .note.GNU-stack
                0x0000000000000000        0x0 binaries/semcreate.o
 .note.GNU-stack
                0x0000000000000000        0x0 binaries/semdelete.o
 .note.GNU-stack
                0x0000000000000000        0x0 binaries/semreset.o
 .note.GNU-stack
                0x0000000000000000        0x0 binaries/send.o
 .note.GNU-stack
                0x0000000000000000        0x0 binaries/signal.o
 .note.GNU-stack
                0x0000000000000000        0x0 binaries/signaln.o
 .note.GNU-stack
                0x0000000000000000        0x0 binaries/sleep.o
 .note.GNU-stack
                0x0000000000000000        0x0 binaries/stacktrace.o
 .note.GNU-stack
                0x0000000000000000        0x0 binaries/suspend.o
 .note.GNU-stack
                0x0000000000000000        0x0 binaries/unsleep.o
 .note.GNU-stack
                0x0000000000000000        0x0 binaries/userret.o
 .note.GNU-stack
                0x0000000000000000        0x0 binaries/wait.o
 .note.GNU-stack
                0x0000000000000000        0x0 binaries/wakeup.o
 .note.GNU-stack
                0x0000000000000000        0x0 binaries/write.o
 .note.GNU-stack
                0x0000000000000000        0x0 binaries/xdone.o
 .note.GNU-stack
                0x0000000000000000        0x0 binaries/yield.o
 .note.GNU-stack
                0x0000000000000000        0x0 binaries/abs.o
 .note.GNU-stack
                0x0000000000000000        0x0 binaries/atoi.o
 .note.GNU-stack
                0x0000000000000000        0x0 binaries/atol.o
 .note.GNU-stack
                0x0000000000000000        0x0 binaries/bzero.o
 .note.GNU-stack
                0x0000000000000000        0x0 binaries/ctype_.o
 .note.GNU-stack
                0x0000000000000000        0x0 binaries/doprnt.o
 .note.GNU-stack
                0x0000000000000000        0x0 binaries/doscan.o
 .note.GNU-stack
                0x0000000000000000        0x0 binaries/fdoprnt.o
 .note.GNU-stack
                0x0000000000000000        0x0 binaries/fgetc.o
 .note.GNU-stack
                0x0000000000000000        0x0 binaries/fgets.o
 .note.GNU-stack
                0x0000000000000000        0x0 binaries/fprintf.o
 .note.GNU-stack
                0x0000000000000000        0x0 binaries/fputc.o
 .note.GNU-stack
                0x0000000000000000        0x0 binaries/fputs.o
 .note.GNU-stack
                0x0000000000000000        0x0 binaries/fscanf.o
 .note.GNU-stack
                0x0000000000000000        0x0 binaries/getchar.o
 .note.GNU-stack
                0x0000000000000000        0x0 binaries/labs.o
 .note.GNU-stack
                0x0000000000000000        0x0 binaries/memchr.o
 .note.GNU-stack
                0x0000000000000000        0x0 binaries/memcmp.o
 .note.GNU-stack
                0x0000000000000000        0x0 binaries/memcpy.o
 .note.GNU-stack
                0x0000000000000000        0x0 binaries/memset.o
 .note.GNU-stack
                0x0000000000000000        0x0 binaries/printf.o
 .note.GNU-stack
                0x0000000000000000        0x0 binaries/putchar.o
 .note.GNU-stack
                0x0000000000000000        0x0 binaries/qsort.o
 .note.GNU-stack
                0x0000000000000000        0x0 binaries/rand.o
 .note.GNU-stack
                0x0000000000000000        0x0 binaries/sprintf.o
 .note.GNU-stack
                0x0000000000000000        0x0 binaries/sscanf.o
 .note.GNU-stack
                0x0000000000000000        0x0 binaries/strchr.o
 .note.GNU-stack
                0x0000000000000000        0x0 binaries/strcmp.o
 .note.GNU-stack
                0x0000000000000000        0x0 binaries/strcpy.o
 .note.GNU-stack
                0x0000000000000000        0x0 binaries/strlen.o
 .note.GNU-stack
                0x0000000000000000        0x0 binaries/strncat.o
 .note.GNU-stack
                0x0000000000000000        0x0 binaries/strncmp.o
 .note.GNU-stack
                0x0000000000000000        0x0 binaries/strncpy.o
 .note.GNU-stack
                0x0000000000000000        0x0 binaries/strnlen.o
 .note.GNU-stack
                0x0000000000000000        0x0 binaries/strrchr.o
 .note.GNU-stack
                0x0000000000000000        0x0 binaries/strstr.o
 .note.GNU-stack
                0x0000000000000000        0x0 binaries/ttycontrol.o
 .note.GNU-stack
                0x0000000000000000        0x0 binaries/ttygetc.o
 .note.GNU-stack
                0x0000000000000000        0x0 binaries/ttyhandle_in.o
 .note.GNU-stack
                0x0000000000000000        0x0 binaries/ttyhandle_out.o
 .note.GNU-stack
                0x0000000000000000        0x0 binaries/ttyhandler.o
 .note.GNU-stack
                0x0000000000000000        0x0 binaries/ttyinit.o
 .note.GNU-stack
                0x0000000000000000        0x0 binaries/ttykickout.o
 .note.GNU-stack
                0x0000000000000000        0x0 binaries/ttyputc.o
 .note.GNU-stack
                0x0000000000000000        0x0 binaries/ttyread.o
 .note.GNU-stack
                0x0000000000000000        0x0 binaries/ttywrite.o
 .note.GNU-stack
                0x0000000000000000        0x0 binaries/mount.o
 .note.GNU-stack
                0x0000000000000000        0x0 binaries/naminit.o
 .note.GNU-stack
                0x0000000000000000        0x0 binaries/nammap.o
 .note.GNU-stack
                0x0000000000000000        0x0 binaries/namopen.o
 .note.GNU-stack
                0x0000000000000000        0x0 binaries/82545EMInit.o
 .note.GNU-stack
                0x0000000000000000        0x0 binaries/ethcontrol.o
 .note.GNU-stack
                0x0000000000000000        0x0 binaries/ethhandler.o
 .note.GNU-stack
                0x0000000000000000        0x0 binaries/ethinit.o
 .note.GNU-stack
                0x0000000000000000        0x0 binaries/ethread.o
 .note.GNU-stack
                0x0000000000000000        0x0 binaries/ethwrite.o
 .note.GNU-stack
                0x0000000000000000        0x0 binaries/rdsbufalloc.o
 .note.GNU-stack
                0x0000000000000000        0x0 binaries/rdsclose.o
 .note.GNU-stack
                0x0000000000000000        0x0 binaries/rdscomm.o
 .note.GNU-stack
                0x0000000000000000        0x0 binaries/rdscontrol.o
 .note.GNU-stack
                0x0000000000000000        0x0 binaries/rdsinit.o
 .note.GNU-stack
                0x0000000000000000        0x0 binaries/rdsopen.o
 .note.GNU-stack
                0x0000000000000000        0x0 binaries/rdsprocess.o
 .note.GNU-stack
                0x0000000000000000        0x0 binaries/rdsread.o
 .note.GNU-stack
                0x0000000000000000        0x0 binaries/rdswrite.o
 .note.GNU-stack
                0x0000000000000000        0x0 binaries/ramclose.o
 .note.GNU-stack
                0x0000000000000000        0x0 binaries/raminit.o
 .note.GNU-stack
                0x0000000000000000        0x0 binaries/ramopen.o
 .note.GNU-stack
                0x0000000000000000        0x0 binaries/ramread.o
 .note.GNU-stack
                0x0000000000000000        0x0 binaries/ramwrite.o
 .note.GNU-stack
                0x0000000000000000        0x0 binaries/lfdballoc.o
 .note.GNU-stack
                0x0000000000000000        0x0 binaries/lfdbfree.o
 .note.GNU-stack
                0x0000000000000000        0x0 binaries/lfflush.o
 .note.GNU-stack
                0x0000000000000000        0x0 binaries/lfgetmode.o
 .note.GNU-stack
                0x0000000000000000        0x0 binaries/lfiballoc.o
 .note.GNU-stack
                0x0000000000000000        0x0 binaries/lfibclear.o
 .note.GNU-stack
                0x0000000000000000        0x0 binaries/lfibget.o
 .note.GNU-stack
                0x0000000000000000        0x0 binaries/lfibput.o
 .note.GNU-stack
                0x0000000000000000        0x0 binaries/lflclose.o
 .note.GNU-stack
                0x0000000000000000        0x0 binaries/lflcontrol.o
 .note.GNU-stack
                0x0000000000000000        0x0 binaries/lflgetc.o
 .note.GNU-stack
                0x0000000000000000        0x0 binaries/lflinit.o
 .note.GNU-stack
                0x0000000000000000        0x0 binaries/lflputc.o
 .note.GNU-stack
                0x0000000000000000        0x0 binaries/lflread.o
 .note.GNU-stack
                0x0000000000000000        0x0 binaries/lflseek.o
 .note.GNU-stack
                0x0000000000000000        0x0 binaries/lflwrite.o
 .note.GNU-stack
                0x0000000000000000        0x0 binaries/lfscheck.o
 .note.GNU-stack
                0x0000000000000000        0x0 binaries/lfsckfmt.o
 .note.GNU-stack
                0x0000000000000000        0x0 binaries/lfscreate.o
 .note.GNU-stack
                0x0000000000000000        0x0 binaries/lfsetup.o
 .note.GNU-stack
                0x0000000000000000        0x0 binaries/lfsinit.o
 .note.GNU-stack
                0x0000000000000000        0x0 binaries/lfsopen.o
 .note.GNU-stack
                0x0000000000000000        0x0 binaries/lftruncate.o
 .note.GNU-stack
                0x0000000000000000        0x0 binaries/rflclose.o
 .note.GNU-stack
                0x0000000000000000        0x0 binaries/rflgetc.o
 .note.GNU-stack
                0x0000000000000000        0x0 binaries/rflinit.o
 .note.GNU-stack
                0x0000000000000000        0x0 binaries/rflputc.o
 .note.GNU-stack
                0x0000000000000000        0x0 binaries/rflread.o
 .note.GNU-stack
                0x0000000000000000        0x0 binaries/rflseek.o
 .note.GNU-stack
                0x0000000000000000        0x0 binaries/rflwrite.o
 .note.GNU-stack
                0x0000000000000000        0x0 binaries/rfscomm.o
 .note.GNU-stack
                0x0000000000000000        0x0 binaries/rfscontrol.o
 .note.GNU-stack
                0x0000000000000000        0x0 binaries/rfsgetmode.o
 .note.GNU-stack
                0x0000000000000000        0x0 binaries/rfsinit.o
 .note.GNU-stack
                0x0000000000000000        0x0 binaries/rfsndmsg.o
 .note.GNU-stack
                0x0000000000000000        0x0 binaries/rfsopen.o
 .note.GNU-stack
                0x0000000000000000        0x0 binaries/arp.o
 .note.GNU-stack
                0x0000000000000000        0x0 binaries/dhcp.o
 .note.GNU-stack
                0x0000000000000000        0x0 binaries/dns.o
 .note.GNU-stack
                0x0000000000000000        0x0 binaries/dot2ip.o
 .note.GNU-stack
                0x0000000000000000        0x0 binaries/hexdump.o
 .note.GNU-stack
                0x0000000000000000        0x0 binaries/icmp.o
 .note.GNU-stack
                0x0000000000000000        0x0 binaries/ip.o
 .note.GNU-stack
                0x0000000000000000        0x0 binaries/net.o
 .note.GNU-stack
                0x0000000000000000        0x0 binaries/pdump.o
 .note.GNU-stack
                0x0000000000000000        0x0 binaries/tftp.o
 .note.GNU-stack
                0x0000000000000000        0x0 binaries/udp.o
 .note.GNU-stack
                0x0000000000000000        0x0 binaries/addargs.o
 .note.GNU-stack
                0x0000000000000000        0x0 binaries/lexan.o
 .note.GNU-stack
                0x0000000000000000        0x0 binaries/shell.o
 .note.GNU-stack
                0x0000000000000000        0x0 binaries/xsh_argecho.o
 .note.GNU-stack
                0x0000000000000000        0x0 binaries/xsh_arp.o
 .note.GNU-stack
                0x0000000000000000        0x0 binaries/xsh_cat.o
 .note.GNU-stack
                0x0000000000000000        0x0 binaries/xsh_clear.o
 .note.GNU-stack
                0x0000000000000000        0x0 binaries/xsh_date.o
 .note.GNU-stack
                0x0000000000000000        0x0 binaries/xsh_devdump.o
 .note.GNU-stack
                0x0000000000000000        0x0 binaries/xsh_echo.o
 .note.GNU-stack
                0x0000000000000000        0x0 binaries/xsh_exit.o
 .note.GNU-stack
                0x0000000000000000        0x0 binaries/xsh_help.o
 .note.GNU-stack
                0x0000000000000000        0x0 binaries/xsh_kill.o
 .note.GNU-stack
                0x0000000000000000        0x0 binaries/xsh_memdump.o
 .note.GNU-stack
                0x0000000000000000        0x0 binaries/xsh_memstat.o
 .note.GNU-stack
                0x0000000000000000        0x0 binaries/xsh_netinfo.o
 .note.GNU-stack
                0x0000000000000000        0x0 binaries/xsh_ping.o
 .note.GNU-stack
                0x0000000000000000        0x0 binaries/xsh_ps.o
 .note.GNU-stack
                0x0000000000000000        0x0 binaries/xsh_sleep.o
 .note.GNU-stack
                0x0000000000000000        0x0 binaries/xsh_udpdump.o
 .note.GNU-stack
                0x0000000000000000        0x0 binaries/xsh_udpecho.o
 .note.GNU-stack
                0x0000000000000000        0x0 binaries/xsh_udpserver.o
 .note.GNU-stack
                0x0000000000000000        0x0 binaries/xsh_uptime.o
